Jul 26 14:59:31 debian kernel: Linux version 6.1.0-10-amd64 (debian-kernel@lists.debian.org) (gcc-12 (Debian 12.2.0-14) 12.2.0, GNU ld (GNU Binutils for Debian) 2.40) #1 SMP PREEMPT_DYNAMIC Debian 6.1.38-1 (2023-07-14)
Jul 26 14:59:31 debian kernel: Command line: BOOT_IMAGE=/boot/vmlinuz-6.1.0-10-amd64 root=UUID=98b19e11-5922-4f11-aed4-2c4edcf8d97d ro quiet
Jul 26 14:59:31 debian kernel: x86/split lock detection: #AC: crashing the kernel on kernel split_locks and warning on user-space split_locks
Jul 26 14:59:31 debian kernel: x86/fpu: Supporting XSAVE feature 0x001: 'x87 floating point registers'
Jul 26 14:59:31 debian kernel: x86/fpu: Supporting XSAVE feature 0x002: 'SSE registers'
Jul 26 14:59:31 debian kernel: x86/fpu: Supporting XSAVE feature 0x004: 'AVX registers'
Jul 26 14:59:31 debian kernel: x86/fpu: Supporting XSAVE feature 0x200: 'Protection Keys User registers'
Jul 26 14:59:31 debian kernel: x86/fpu: xstate_offset[2]:  576, xstate_sizes[2]:  256
Jul 26 14:59:31 debian kernel: x86/fpu: xstate_offset[9]:  832, xstate_sizes[9]:    8
Jul 26 14:59:31 debian kernel: x86/fpu: Enabled xstate features 0x207, context size is 840 bytes, using 'compacted' format.
Jul 26 14:59:31 debian kernel: signal: max sigframe size: 3632
Jul 26 14:59:31 debian kernel: BIOS-provided physical RAM map:
Jul 26 14:59:31 debian kernel: BIOS-e820: [mem 0x0000000000000000-0x000000000009efff] usable
Jul 26 14:59:31 debian kernel: BIOS-e820: [mem 0x000000000009f000-0x00000000000fffff] reserved
Jul 26 14:59:31 debian kernel: BIOS-e820: [mem 0x0000000000100000-0x000000008da3efff] usable
Jul 26 14:59:31 debian kernel: BIOS-e820: [mem 0x000000008da3f000-0x000000008dc3efff] type 20
Jul 26 14:59:31 debian kernel: BIOS-e820: [mem 0x000000008dc3f000-0x0000000092b2efff] reserved
Jul 26 14:59:31 debian kernel: BIOS-e820: [mem 0x0000000092b2f000-0x000000009372efff] ACPI NVS
Jul 26 14:59:31 debian kernel: BIOS-e820: [mem 0x000000009372f000-0x00000000937fefff] ACPI data
Jul 26 14:59:31 debian kernel: BIOS-e820: [mem 0x00000000937ff000-0x00000000937fffff] usable
Jul 26 14:59:31 debian kernel: BIOS-e820: [mem 0x0000000093800000-0x0000000097ffffff] reserved
Jul 26 14:59:31 debian kernel: BIOS-e820: [mem 0x0000000098200000-0x00000000983fffff] reserved
Jul 26 14:59:31 debian kernel: BIOS-e820: [mem 0x0000000098c00000-0x00000000a07fffff] reserved
Jul 26 14:59:31 debian kernel: BIOS-e820: [mem 0x00000000c0000000-0x00000000cfffffff] reserved
Jul 26 14:59:31 debian kernel: BIOS-e820: [mem 0x00000000fed20000-0x00000000fed7ffff] reserved
Jul 26 14:59:31 debian kernel: BIOS-e820: [mem 0x0000000100000000-0x0000000c5f7fffff] usable
Jul 26 14:59:31 debian kernel: NX (Execute Disable) protection: active
Jul 26 14:59:31 debian kernel: efi: EFI v2.70 by Lenovo
Jul 26 14:59:31 debian kernel: efi: ACPI=0x937fe000 ACPI 2.0=0x937fe014 TPMFinalLog=0x9368e000 SMBIOS=0x8f8af000 SMBIOS 3.0=0x8f8a2000 MEMATTR=0x87b73018 ESRT=0x8814b018 MOKvar=0x8dfcd000 
Jul 26 14:59:31 debian kernel: secureboot: Secure boot disabled
Jul 26 14:59:31 debian kernel: SMBIOS 3.4.0 present.
Jul 26 14:59:31 debian kernel: DMI: LENOVO 21AK000FMH/21AK000FMH, BIOS N3BET56W (1.34 ) 04/27/2023
Jul 26 14:59:31 debian kernel: tsc: Detected 2500.000 MHz processor
Jul 26 14:59:31 debian kernel: tsc: Detected 2496.000 MHz TSC
Jul 26 14:59:31 debian kernel: e820: update [mem 0x00000000-0x00000fff] usable ==> reserved
Jul 26 14:59:31 debian kernel: e820: remove [mem 0x000a0000-0x000fffff] usable
Jul 26 14:59:31 debian kernel: last_pfn = 0xc5f800 max_arch_pfn = 0x400000000
Jul 26 14:59:31 debian kernel: x86/PAT: Configuration [0-7]: WB  WC  UC- UC  WB  WP  UC- WT  
Jul 26 14:59:31 debian kernel: last_pfn = 0x93800 max_arch_pfn = 0x400000000
Jul 26 14:59:31 debian kernel: esrt: Reserving ESRT space from 0x000000008814b018 to 0x000000008814b2d0.
Jul 26 14:59:31 debian kernel: e820: update [mem 0x8814b000-0x8814bfff] usable ==> reserved
Jul 26 14:59:31 debian kernel: Using GB pages for direct mapping
Jul 26 14:59:31 debian kernel: Incomplete global flushes, disabling PCID
Jul 26 14:59:31 debian kernel: RAMDISK: [mem 0x30d7b000-0x346b4fff]
Jul 26 14:59:31 debian kernel: ACPI: Early table checksum verification disabled
Jul 26 14:59:31 debian kernel: ACPI: RSDP 0x00000000937FE014 000024 (v02 LENOVO)
Jul 26 14:59:31 debian kernel: ACPI: XSDT 0x00000000937FC188 00013C (v01 LENOVO TP-N3B   00001340 PTEC 00000002)
Jul 26 14:59:31 debian kernel: ACPI: FACP 0x000000008F892000 000114 (v06 LENOVO TP-N3B   00001340 PTEC 00000002)
Jul 26 14:59:31 debian kernel: ACPI: DSDT 0x000000008F844000 0495A6 (v02 LENOVO ICL      00000002      01000013)
Jul 26 14:59:31 debian kernel: ACPI: FACS 0x0000000093673000 000040
Jul 26 14:59:31 debian kernel: ACPI: SSDT 0x000000008F94A000 00038C (v02 LENOVO Pmax_Dev 00000001 INTL 20200717)
Jul 26 14:59:31 debian kernel: ACPI: SSDT 0x000000008F932000 005D2C (v02 LENOVO CpuSsdt  00003000 INTL 20200717)
Jul 26 14:59:31 debian kernel: ACPI: SSDT 0x000000008F931000 00059B (v02 LENOVO CtdpB    00001000 INTL 20200717)
Jul 26 14:59:31 debian kernel: ACPI: SSDT 0x000000008F8C2000 003203 (v02 LENOVO DptfTabl 00001000 INTL 20200717)
Jul 26 14:59:31 debian kernel: ACPI: SSDT 0x000000008F894000 00060E (v02 LENOVO Tpm2Tabl 00001000 INTL 20200717)
Jul 26 14:59:31 debian kernel: ACPI: TPM2 0x000000008F893000 00004C (v04 LENOVO TP-N3B   00001340 PTEC 00000002)
Jul 26 14:59:31 debian kernel: ACPI: HPET 0x000000008F891000 000038 (v01 LENOVO TP-N3B   00001340 PTEC 00000002)
Jul 26 14:59:31 debian kernel: ACPI: APIC 0x000000008F890000 0001DC (v05 LENOVO TP-N3B   00001340 PTEC 00000002)
Jul 26 14:59:31 debian kernel: ACPI: MCFG 0x000000008F88F000 00003C (v01 LENOVO TP-N3B   00001340 PTEC 00000002)
Jul 26 14:59:31 debian kernel: ACPI: ECDT 0x000000008F88E000 000053 (v01 LENOVO TP-N3B   00001340 PTEC 00000002)
Jul 26 14:59:31 debian kernel: ACPI: SSDT 0x000000008F841000 002588 (v02 LENOVO AdlP_Rvp 00001000 INTL 20200717)
Jul 26 14:59:31 debian kernel: ACPI: SSDT 0x000000008F840000 000083 (v02 LENOVO PID0Ssdt 00000010 INTL 20200717)
Jul 26 14:59:31 debian kernel: ACPI: SSDT 0x000000008F83C000 003F9A (v02 LENOVO ProjSsdt 00000010 INTL 20200717)
Jul 26 14:59:31 debian kernel: ACPI: SSDT 0x000000008F838000 002B22 (v02 LENOVO SaSsdt   00003000 INTL 20200717)
Jul 26 14:59:31 debian kernel: ACPI: SSDT 0x000000008F834000 0035CE (v02 LENOVO IgfxSsdt 00003000 INTL 20200717)
Jul 26 14:59:31 debian kernel: ACPI: SSDT 0x000000008F826000 00D676 (v02 LENOVO TcssSsdt 00001000 INTL 20200717)
Jul 26 14:59:31 debian kernel: ACPI: LPIT 0x000000008F825000 0000CC (v01 LENOVO TP-N3B   00001340 PTEC 00000002)
Jul 26 14:59:31 debian kernel: ACPI: WSMT 0x000000008F824000 000028 (v01 LENOVO TP-N3B   00001340 PTEC 00000002)
Jul 26 14:59:31 debian kernel: ACPI: SSDT 0x000000008F821000 0026B4 (v02 LENOVO TbtTypeC 00000000 INTL 20200717)
Jul 26 14:59:31 debian kernel: ACPI: DBGP 0x000000008F820000 000034 (v01 LENOVO TP-N3B   00001340 PTEC 00000002)
Jul 26 14:59:31 debian kernel: ACPI: DBG2 0x000000008F81F000 000054 (v00 LENOVO TP-N3B   00001340 PTEC 00000002)
Jul 26 14:59:31 debian kernel: ACPI: NHLT 0x000000008F81D000 001B64 (v00 LENOVO TP-N3B   00001340 PTEC 00000002)
Jul 26 14:59:31 debian kernel: ACPI: MSDM 0x000000008F81C000 000055 (v03 LENOVO TP-N3B   00001340 PTEC 00000002)
Jul 26 14:59:31 debian kernel: ACPI: SSDT 0x000000008F806000 000E54 (v02 LENOVO UsbCTabl 00001000 INTL 20200717)
Jul 26 14:59:31 debian kernel: ACPI: BATB 0x000000008F805000 00004A (v02 LENOVO TP-N3B   00001340 PTEC 00000002)
Jul 26 14:59:31 debian kernel: ACPI: DMAR 0x000000008E002000 000088 (v02 LENOVO TP-N3B   00001340 PTEC 00000002)
Jul 26 14:59:31 debian kernel: ACPI: SSDT 0x000000008DFFF000 002906 (v01 LENOVO NvOptTbl 00001000 INTL 20200717)
Jul 26 14:59:31 debian kernel: ACPI: SSDT 0x000000008DFFD000 00129A (v02 LENOVO SocGpe   00003000 INTL 20200717)
Jul 26 14:59:31 debian kernel: ACPI: SSDT 0x000000008DFF9000 0039DA (v02 LENOVO SocCmn   00003000 INTL 20200717)
Jul 26 14:59:31 debian kernel: ACPI: SSDT 0x000000008DFF8000 000144 (v02 LENOVO ADebTabl 00001000 INTL 20200717)
Jul 26 14:59:31 debian kernel: ACPI: BGRT 0x000000008F807000 000038 (v01 LENOVO TP-N3B   00001340 PTEC 00000002)
Jul 26 14:59:31 debian kernel: ACPI: PHAT 0x000000008DFD1000 000598 (v01 LENOVO TP-N3B   00001340 PTEC 00000002)
Jul 26 14:59:31 debian kernel: ACPI: UEFI 0x00000000935F3000 000076 (v01 LENOVO TP-N3B   00001340 PTEC 00000002)
Jul 26 14:59:31 debian kernel: ACPI: FPDT 0x000000008DFD0000 000034 (v01 LENOVO TP-N3B   00001340 PTEC 00001340)
Jul 26 14:59:31 debian kernel: ACPI: Reserving FACP table memory at [mem 0x8f892000-0x8f892113]
Jul 26 14:59:31 debian kernel: ACPI: Reserving DSDT table memory at [mem 0x8f844000-0x8f88d5a5]
Jul 26 14:59:31 debian kernel: ACPI: Reserving FACS table memory at [mem 0x93673000-0x9367303f]
Jul 26 14:59:31 debian kernel: ACPI: Reserving SSDT table memory at [mem 0x8f94a000-0x8f94a38b]
Jul 26 14:59:31 debian kernel: ACPI: Reserving SSDT table memory at [mem 0x8f932000-0x8f937d2b]
Jul 26 14:59:31 debian kernel: ACPI: Reserving SSDT table memory at [mem 0x8f931000-0x8f93159a]
Jul 26 14:59:31 debian kernel: ACPI: Reserving SSDT table memory at [mem 0x8f8c2000-0x8f8c5202]
Jul 26 14:59:31 debian kernel: ACPI: Reserving SSDT table memory at [mem 0x8f894000-0x8f89460d]
Jul 26 14:59:31 debian kernel: ACPI: Reserving TPM2 table memory at [mem 0x8f893000-0x8f89304b]
Jul 26 14:59:31 debian kernel: ACPI: Reserving HPET table memory at [mem 0x8f891000-0x8f891037]
Jul 26 14:59:31 debian kernel: ACPI: Reserving APIC table memory at [mem 0x8f890000-0x8f8901db]
Jul 26 14:59:31 debian kernel: ACPI: Reserving MCFG table memory at [mem 0x8f88f000-0x8f88f03b]
Jul 26 14:59:31 debian kernel: ACPI: Reserving ECDT table memory at [mem 0x8f88e000-0x8f88e052]
Jul 26 14:59:31 debian kernel: ACPI: Reserving SSDT table memory at [mem 0x8f841000-0x8f843587]
Jul 26 14:59:31 debian kernel: ACPI: Reserving SSDT table memory at [mem 0x8f840000-0x8f840082]
Jul 26 14:59:31 debian kernel: ACPI: Reserving SSDT table memory at [mem 0x8f83c000-0x8f83ff99]
Jul 26 14:59:31 debian kernel: ACPI: Reserving SSDT table memory at [mem 0x8f838000-0x8f83ab21]
Jul 26 14:59:31 debian kernel: ACPI: Reserving SSDT table memory at [mem 0x8f834000-0x8f8375cd]
Jul 26 14:59:31 debian kernel: ACPI: Reserving SSDT table memory at [mem 0x8f826000-0x8f833675]
Jul 26 14:59:31 debian kernel: ACPI: Reserving LPIT table memory at [mem 0x8f825000-0x8f8250cb]
Jul 26 14:59:31 debian kernel: ACPI: Reserving WSMT table memory at [mem 0x8f824000-0x8f824027]
Jul 26 14:59:31 debian kernel: ACPI: Reserving SSDT table memory at [mem 0x8f821000-0x8f8236b3]
Jul 26 14:59:31 debian kernel: ACPI: Reserving DBGP table memory at [mem 0x8f820000-0x8f820033]
Jul 26 14:59:31 debian kernel: ACPI: Reserving DBG2 table memory at [mem 0x8f81f000-0x8f81f053]
Jul 26 14:59:31 debian kernel: ACPI: Reserving NHLT table memory at [mem 0x8f81d000-0x8f81eb63]
Jul 26 14:59:31 debian kernel: ACPI: Reserving MSDM table memory at [mem 0x8f81c000-0x8f81c054]
Jul 26 14:59:31 debian kernel: ACPI: Reserving SSDT table memory at [mem 0x8f806000-0x8f806e53]
Jul 26 14:59:31 debian kernel: ACPI: Reserving BATB table memory at [mem 0x8f805000-0x8f805049]
Jul 26 14:59:31 debian kernel: ACPI: Reserving DMAR table memory at [mem 0x8e002000-0x8e002087]
Jul 26 14:59:31 debian kernel: ACPI: Reserving SSDT table memory at [mem 0x8dfff000-0x8e001905]
Jul 26 14:59:31 debian kernel: ACPI: Reserving SSDT table memory at [mem 0x8dffd000-0x8dffe299]
Jul 26 14:59:31 debian kernel: ACPI: Reserving SSDT table memory at [mem 0x8dff9000-0x8dffc9d9]
Jul 26 14:59:31 debian kernel: ACPI: Reserving SSDT table memory at [mem 0x8dff8000-0x8dff8143]
Jul 26 14:59:31 debian kernel: ACPI: Reserving BGRT table memory at [mem 0x8f807000-0x8f807037]
Jul 26 14:59:31 debian kernel: ACPI: Reserving PHAT table memory at [mem 0x8dfd1000-0x8dfd1597]
Jul 26 14:59:31 debian kernel: ACPI: Reserving UEFI table memory at [mem 0x935f3000-0x935f3075]
Jul 26 14:59:31 debian kernel: ACPI: Reserving FPDT table memory at [mem 0x8dfd0000-0x8dfd0033]
Jul 26 14:59:31 debian kernel: No NUMA configuration found
Jul 26 14:59:31 debian kernel: Faking a node at [mem 0x0000000000000000-0x0000000c5f7fffff]
Jul 26 14:59:31 debian kernel: NODE_DATA(0) allocated [mem 0xc5f7d5000-0xc5f7fffff]
Jul 26 14:59:31 debian kernel: Zone ranges:
Jul 26 14:59:31 debian kernel:   DMA      [mem 0x0000000000001000-0x0000000000ffffff]
Jul 26 14:59:31 debian kernel:   DMA32    [mem 0x0000000001000000-0x00000000ffffffff]
Jul 26 14:59:31 debian kernel:   Normal   [mem 0x0000000100000000-0x0000000c5f7fffff]
Jul 26 14:59:31 debian kernel:   Device   empty
Jul 26 14:59:31 debian kernel: Movable zone start for each node
Jul 26 14:59:31 debian kernel: Early memory node ranges
Jul 26 14:59:31 debian kernel:   node   0: [mem 0x0000000000001000-0x000000000009efff]
Jul 26 14:59:31 debian kernel:   node   0: [mem 0x0000000000100000-0x000000008da3efff]
Jul 26 14:59:31 debian kernel:   node   0: [mem 0x00000000937ff000-0x00000000937fffff]
Jul 26 14:59:31 debian kernel:   node   0: [mem 0x0000000100000000-0x0000000c5f7fffff]
Jul 26 14:59:31 debian kernel: Initmem setup node 0 [mem 0x0000000000001000-0x0000000c5f7fffff]
Jul 26 14:59:31 debian kernel: On node 0, zone DMA: 1 pages in unavailable ranges
Jul 26 14:59:31 debian kernel: On node 0, zone DMA: 97 pages in unavailable ranges
Jul 26 14:59:31 debian kernel: On node 0, zone DMA32: 24000 pages in unavailable ranges
Jul 26 14:59:31 debian kernel: On node 0, zone Normal: 18432 pages in unavailable ranges
Jul 26 14:59:31 debian kernel: On node 0, zone Normal: 2048 pages in unavailable ranges
Jul 26 14:59:31 debian kernel: Reserving Intel graphics memory at [mem 0x9c800000-0xa07fffff]
Jul 26 14:59:31 debian kernel: ACPI: PM-Timer IO Port: 0x1808
Jul 26 14:59:31 debian kernel: ACPI: LAPIC_NMI (acpi_id[0x01] high edge lint[0x1])
Jul 26 14:59:31 debian kernel: ACPI: LAPIC_NMI (acpi_id[0x02] high edge lint[0x1])
Jul 26 14:59:31 debian kernel: ACPI: LAPIC_NMI (acpi_id[0x03] high edge lint[0x1])
Jul 26 14:59:31 debian kernel: ACPI: LAPIC_NMI (acpi_id[0x04] high edge lint[0x1])
Jul 26 14:59:31 debian kernel: ACPI: LAPIC_NMI (acpi_id[0x05] high edge lint[0x1])
Jul 26 14:59:31 debian kernel: ACPI: LAPIC_NMI (acpi_id[0x06] high edge lint[0x1])
Jul 26 14:59:31 debian kernel: ACPI: LAPIC_NMI (acpi_id[0x07] high edge lint[0x1])
Jul 26 14:59:31 debian kernel: ACPI: LAPIC_NMI (acpi_id[0x08] high edge lint[0x1])
Jul 26 14:59:31 debian kernel: ACPI: LAPIC_NMI (acpi_id[0x09] high edge lint[0x1])
Jul 26 14:59:31 debian kernel: ACPI: LAPIC_NMI (acpi_id[0x0a] high edge lint[0x1])
Jul 26 14:59:31 debian kernel: ACPI: LAPIC_NMI (acpi_id[0x0b] high edge lint[0x1])
Jul 26 14:59:31 debian kernel: ACPI: LAPIC_NMI (acpi_id[0x0c] high edge lint[0x1])
Jul 26 14:59:31 debian kernel: ACPI: LAPIC_NMI (acpi_id[0x0d] high edge lint[0x1])
Jul 26 14:59:31 debian kernel: ACPI: LAPIC_NMI (acpi_id[0x0e] high edge lint[0x1])
Jul 26 14:59:31 debian kernel: ACPI: LAPIC_NMI (acpi_id[0x0f] high edge lint[0x1])
Jul 26 14:59:31 debian kernel: ACPI: LAPIC_NMI (acpi_id[0x10] high edge lint[0x1])
Jul 26 14:59:31 debian kernel: ACPI: LAPIC_NMI (acpi_id[0x11] high edge lint[0x1])
Jul 26 14:59:31 debian kernel: ACPI: LAPIC_NMI (acpi_id[0x12] high edge lint[0x1])
Jul 26 14:59:31 debian kernel: ACPI: LAPIC_NMI (acpi_id[0x13] high edge lint[0x1])
Jul 26 14:59:31 debian kernel: ACPI: LAPIC_NMI (acpi_id[0x14] high edge lint[0x1])
Jul 26 14:59:31 debian kernel: ACPI: LAPIC_NMI (acpi_id[0x15] high edge lint[0x1])
Jul 26 14:59:31 debian kernel: ACPI: LAPIC_NMI (acpi_id[0x16] high edge lint[0x1])
Jul 26 14:59:31 debian kernel: ACPI: LAPIC_NMI (acpi_id[0x17] high edge lint[0x1])
Jul 26 14:59:31 debian kernel: ACPI: LAPIC_NMI (acpi_id[0x00] high edge lint[0x1])
Jul 26 14:59:31 debian kernel: IOAPIC[0]: apic_id 2, version 32, address 0xfec00000, GSI 0-119
Jul 26 14:59:31 debian kernel: ACPI: INT_SRC_OVR (bus 0 bus_irq 0 global_irq 2 dfl dfl)
Jul 26 14:59:31 debian kernel: ACPI: INT_SRC_OVR (bus 0 bus_irq 9 global_irq 9 high level)
Jul 26 14:59:31 debian kernel: ACPI: Using ACPI (MADT) for SMP configuration information
Jul 26 14:59:31 debian kernel: ACPI: HPET id: 0x8086a201 base: 0xfed00000
Jul 26 14:59:31 debian kernel: e820: update [mem 0x87a2a000-0x87abafff] usable ==> reserved
Jul 26 14:59:31 debian kernel: TSC deadline timer available
Jul 26 14:59:31 debian kernel: smpboot: Allowing 16 CPUs, 0 hotplug CPUs
Jul 26 14:59:31 debian kernel: PM: hibernation: Registered nosave memory: [mem 0x00000000-0x00000fff]
Jul 26 14:59:31 debian kernel: PM: hibernation: Registered nosave memory: [mem 0x0009f000-0x000fffff]
Jul 26 14:59:31 debian kernel: PM: hibernation: Registered nosave memory: [mem 0x87a2a000-0x87abafff]
Jul 26 14:59:31 debian kernel: PM: hibernation: Registered nosave memory: [mem 0x8814b000-0x8814bfff]
Jul 26 14:59:31 debian kernel: PM: hibernation: Registered nosave memory: [mem 0x8da3f000-0x8dc3efff]
Jul 26 14:59:31 debian kernel: PM: hibernation: Registered nosave memory: [mem 0x8dc3f000-0x92b2efff]
Jul 26 14:59:31 debian kernel: PM: hibernation: Registered nosave memory: [mem 0x92b2f000-0x9372efff]
Jul 26 14:59:31 debian kernel: PM: hibernation: Registered nosave memory: [mem 0x9372f000-0x937fefff]
Jul 26 14:59:31 debian kernel: PM: hibernation: Registered nosave memory: [mem 0x93800000-0x97ffffff]
Jul 26 14:59:31 debian kernel: PM: hibernation: Registered nosave memory: [mem 0x98000000-0x981fffff]
Jul 26 14:59:31 debian kernel: PM: hibernation: Registered nosave memory: [mem 0x98200000-0x983fffff]
Jul 26 14:59:31 debian kernel: PM: hibernation: Registered nosave memory: [mem 0x98400000-0x98bfffff]
Jul 26 14:59:31 debian kernel: PM: hibernation: Registered nosave memory: [mem 0x98c00000-0xa07fffff]
Jul 26 14:59:31 debian kernel: PM: hibernation: Registered nosave memory: [mem 0xa0800000-0xbfffffff]
Jul 26 14:59:31 debian kernel: PM: hibernation: Registered nosave memory: [mem 0xc0000000-0xcfffffff]
Jul 26 14:59:31 debian kernel: PM: hibernation: Registered nosave memory: [mem 0xd0000000-0xfed1ffff]
Jul 26 14:59:31 debian kernel: PM: hibernation: Registered nosave memory: [mem 0xfed20000-0xfed7ffff]
Jul 26 14:59:31 debian kernel: PM: hibernation: Registered nosave memory: [mem 0xfed80000-0xffffffff]
Jul 26 14:59:31 debian kernel: [mem 0xd0000000-0xfed1ffff] available for PCI devices
Jul 26 14:59:31 debian kernel: Booting paravirtualized kernel on bare hardware
Jul 26 14:59:31 debian kernel: clocksource: refined-jiffies: mask: 0xffffffff max_cycles: 0xffffffff, max_idle_ns: 7645519600211568 ns
Jul 26 14:59:31 debian kernel: setup_percpu: NR_CPUS:8192 nr_cpumask_bits:16 nr_cpu_ids:16 nr_node_ids:1
Jul 26 14:59:31 debian kernel: percpu: Embedded 61 pages/cpu s212992 r8192 d28672 u262144
Jul 26 14:59:31 debian kernel: pcpu-alloc: s212992 r8192 d28672 u262144 alloc=1*2097152
Jul 26 14:59:31 debian kernel: pcpu-alloc: [0] 00 01 02 03 04 05 06 07 [0] 08 09 10 11 12 13 14 15 
Jul 26 14:59:31 debian kernel: Fallback order for Node 0: 0 
Jul 26 14:59:31 debian kernel: Built 1 zonelists, mobility grouping on.  Total pages: 12310007
Jul 26 14:59:31 debian kernel: Policy zone: Normal
Jul 26 14:59:31 debian kernel: Kernel command line: BOOT_IMAGE=/boot/vmlinuz-6.1.0-10-amd64 root=UUID=98b19e11-5922-4f11-aed4-2c4edcf8d97d ro quiet
Jul 26 14:59:31 debian kernel: Unknown kernel command line parameters "BOOT_IMAGE=/boot/vmlinuz-6.1.0-10-amd64", will be passed to user space.
Jul 26 14:59:31 debian kernel: random: crng init done
Jul 26 14:59:31 debian kernel: Dentry cache hash table entries: 8388608 (order: 14, 67108864 bytes, linear)
Jul 26 14:59:31 debian kernel: Inode-cache hash table entries: 4194304 (order: 13, 33554432 bytes, linear)
Jul 26 14:59:31 debian kernel: mem auto-init: stack:all(zero), heap alloc:on, heap free:off
Jul 26 14:59:31 debian kernel: software IO TLB: area num 16.
Jul 26 14:59:31 debian kernel: Memory: 2205784K/50022264K available (14342K kernel code, 2324K rwdata, 8740K rodata, 2768K init, 17436K bss, 1186228K reserved, 0K cma-reserved)
Jul 26 14:59:31 debian kernel: SLUB: HWalign=64, Order=0-3, MinObjects=0, CPUs=16, Nodes=1
Jul 26 14:59:31 debian kernel: ftrace: allocating 40005 entries in 157 pages
Jul 26 14:59:31 debian kernel: ftrace: allocated 157 pages with 5 groups
Jul 26 14:59:31 debian kernel: Dynamic Preempt: voluntary
Jul 26 14:59:31 debian kernel: rcu: Preemptible hierarchical RCU implementation.
Jul 26 14:59:31 debian kernel: rcu:         RCU restricting CPUs from NR_CPUS=8192 to nr_cpu_ids=16.
Jul 26 14:59:31 debian kernel:         Trampoline variant of Tasks RCU enabled.
Jul 26 14:59:31 debian kernel:         Rude variant of Tasks RCU enabled.
Jul 26 14:59:31 debian kernel:         Tracing variant of Tasks RCU enabled.
Jul 26 14:59:31 debian kernel: rcu: RCU calculated value of scheduler-enlistment delay is 25 jiffies.
Jul 26 14:59:31 debian kernel: rcu: Adjusting geometry for rcu_fanout_leaf=16, nr_cpu_ids=16
Jul 26 14:59:31 debian kernel: NR_IRQS: 524544, nr_irqs: 2184, preallocated irqs: 16
Jul 26 14:59:31 debian kernel: rcu: srcu_init: Setting srcu_struct sizes based on contention.
Jul 26 14:59:31 debian kernel: Console: colour dummy device 80x25
Jul 26 14:59:31 debian kernel: printk: console [tty0] enabled
Jul 26 14:59:31 debian kernel: ACPI: Core revision 20220331
Jul 26 14:59:31 debian kernel: hpet: HPET dysfunctional in PC10. Force disabled.
Jul 26 14:59:31 debian kernel: APIC: Switch to symmetric I/O mode setup
Jul 26 14:59:31 debian kernel: DMAR: Host address width 39
Jul 26 14:59:31 debian kernel: DMAR: DRHD base: 0x000000fed90000 flags: 0x0
Jul 26 14:59:31 debian kernel: DMAR: dmar0: reg_base_addr fed90000 ver 4:0 cap 1c0000c40660462 ecap 29a00f0505e
Jul 26 14:59:31 debian kernel: DMAR: DRHD base: 0x000000fed91000 flags: 0x1
Jul 26 14:59:31 debian kernel: DMAR: dmar1: reg_base_addr fed91000 ver 5:0 cap d2008c40660462 ecap f050da
Jul 26 14:59:31 debian kernel: DMAR: RMRR base: 0x0000009c000000 end: 0x000000a07fffff
Jul 26 14:59:31 debian kernel: DMAR-IR: IOAPIC id 2 under DRHD base  0xfed91000 IOMMU 1
Jul 26 14:59:31 debian kernel: DMAR-IR: HPET id 0 under DRHD base 0xfed91000
Jul 26 14:59:31 debian kernel: DMAR-IR: Queued invalidation will be enabled to support x2apic and Intr-remapping.
Jul 26 14:59:31 debian kernel: DMAR-IR: Enabled IRQ remapping in x2apic mode
Jul 26 14:59:31 debian kernel: x2apic enabled
Jul 26 14:59:31 debian kernel: Switched APIC routing to cluster x2apic.
Jul 26 14:59:31 debian kernel: clocksource: tsc-early: mask: 0xffffffffffffffff max_cycles: 0x23fa772cf26, max_idle_ns: 440795269835 ns
Jul 26 14:59:31 debian kernel: Calibrating delay loop (skipped), value calculated using timer frequency.. 4992.00 BogoMIPS (lpj=9984000)
Jul 26 14:59:31 debian kernel: pid_max: default: 32768 minimum: 301
Jul 26 14:59:31 debian kernel: LSM: Security Framework initializing
Jul 26 14:59:31 debian kernel: landlock: Up and running.
Jul 26 14:59:31 debian kernel: Yama: disabled by default; enable with sysctl kernel.yama.*
Jul 26 14:59:31 debian kernel: AppArmor: AppArmor initialized
Jul 26 14:59:31 debian kernel: TOMOYO Linux initialized
Jul 26 14:59:31 debian kernel: LSM support for eBPF active
Jul 26 14:59:31 debian kernel: Mount-cache hash table entries: 131072 (order: 8, 1048576 bytes, linear)
Jul 26 14:59:31 debian kernel: Mountpoint-cache hash table entries: 131072 (order: 8, 1048576 bytes, linear)
Jul 26 14:59:31 debian kernel: CPU0: Thermal monitoring enabled (TM1)
Jul 26 14:59:31 debian kernel: x86/cpu: User Mode Instruction Prevention (UMIP) activated
Jul 26 14:59:31 debian kernel: process: using mwait in idle threads
Jul 26 14:59:31 debian kernel: Last level iTLB entries: 4KB 0, 2MB 0, 4MB 0
Jul 26 14:59:31 debian kernel: Last level dTLB entries: 4KB 0, 2MB 0, 4MB 0, 1GB 0
Jul 26 14:59:31 debian kernel: Spectre V1 : Mitigation: usercopy/swapgs barriers and __user pointer sanitization
Jul 26 14:59:31 debian kernel: Spectre V2 : Mitigation: Enhanced IBRS
Jul 26 14:59:31 debian kernel: Spectre V2 : Spectre v2 / SpectreRSB mitigation: Filling RSB on context switch
Jul 26 14:59:31 debian kernel: Spectre V2 : Spectre v2 / PBRSB-eIBRS: Retire a single CALL on VMEXIT
Jul 26 14:59:31 debian kernel: Spectre V2 : mitigation: Enabling conditional Indirect Branch Prediction Barrier
Jul 26 14:59:31 debian kernel: Speculative Store Bypass: Mitigation: Speculative Store Bypass disabled via prctl
Jul 26 14:59:31 debian kernel: Freeing SMP alternatives memory: 36K
Jul 26 14:59:31 debian kernel: smpboot: CPU0: 12th Gen Intel(R) Core(TM) i7-1260P (family: 0x6, model: 0x9a, stepping: 0x3)
Jul 26 14:59:31 debian kernel: cblist_init_generic: Setting adjustable number of callback queues.
Jul 26 14:59:31 debian kernel: cblist_init_generic: Setting shift to 4 and lim to 1.
Jul 26 14:59:31 debian kernel: cblist_init_generic: Setting shift to 4 and lim to 1.
Jul 26 14:59:31 debian kernel: cblist_init_generic: Setting shift to 4 and lim to 1.
Jul 26 14:59:31 debian kernel: Performance Events: XSAVE Architectural LBR, PEBS fmt4+-baseline,  AnyThread deprecated, Alderlake Hybrid events, 32-deep LBR, full-width counters, Intel PMU driver.
Jul 26 14:59:31 debian kernel: core: cpu_core PMU driver: 
Jul 26 14:59:31 debian kernel: ... version:                5
Jul 26 14:59:31 debian kernel: ... bit width:              48
Jul 26 14:59:31 debian kernel: ... generic registers:      8
Jul 26 14:59:31 debian kernel: ... value mask:             0000ffffffffffff
Jul 26 14:59:31 debian kernel: ... max period:             00007fffffffffff
Jul 26 14:59:31 debian kernel: ... fixed-purpose events:   4
Jul 26 14:59:31 debian kernel: ... event mask:             0001000f000000ff
Jul 26 14:59:31 debian kernel: Estimated ratio of average max frequency by base frequency (times 1024): 1556
Jul 26 14:59:31 debian kernel: rcu: Hierarchical SRCU implementation.
Jul 26 14:59:31 debian kernel: rcu:         Max phase no-delay instances is 1000.
Jul 26 14:59:31 debian kernel: NMI watchdog: Enabled. Permanently consumes one hw-PMU counter.
Jul 26 14:59:31 debian kernel: smp: Bringing up secondary CPUs ...
Jul 26 14:59:31 debian kernel: x86: Booting SMP configuration:
Jul 26 14:59:31 debian kernel: .... node  #0, CPUs:        #1  #2  #3  #4  #5  #6  #7  #8
Jul 26 14:59:31 debian kernel: core: cpu_atom PMU driver: PEBS-via-PT 
Jul 26 14:59:31 debian kernel: ... version:                5
Jul 26 14:59:31 debian kernel: ... bit width:              48
Jul 26 14:59:31 debian kernel: ... generic registers:      6
Jul 26 14:59:31 debian kernel: ... value mask:             0000ffffffffffff
Jul 26 14:59:31 debian kernel: ... max period:             00007fffffffffff
Jul 26 14:59:31 debian kernel: ... fixed-purpose events:   3
Jul 26 14:59:31 debian kernel: ... event mask:             000000070000003f
Jul 26 14:59:31 debian kernel:   #9 #10 #11 #12 #13 #14 #15
Jul 26 14:59:31 debian kernel: smp: Brought up 1 node, 16 CPUs
Jul 26 14:59:31 debian kernel: smpboot: Max logical packages: 1
Jul 26 14:59:31 debian kernel: smpboot: Total of 16 processors activated (79872.00 BogoMIPS)
Jul 26 14:59:31 debian kernel: node 0 deferred pages initialised in 40ms
Jul 26 14:59:31 debian kernel: devtmpfs: initialized
Jul 26 14:59:31 debian kernel: x86/mm: Memory block size: 128MB
Jul 26 14:59:31 debian kernel: ACPI: PM: Registering ACPI NVS region [mem 0x92b2f000-0x9372efff] (12582912 bytes)
Jul 26 14:59:31 debian kernel: clocksource: jiffies: mask: 0xffffffff max_cycles: 0xffffffff, max_idle_ns: 7645041785100000 ns
Jul 26 14:59:31 debian kernel: futex hash table entries: 4096 (order: 6, 262144 bytes, linear)
Jul 26 14:59:31 debian kernel: pinctrl core: initialized pinctrl subsystem
Jul 26 14:59:31 debian kernel: NET: Registered PF_NETLINK/PF_ROUTE protocol family
Jul 26 14:59:31 debian kernel: DMA: preallocated 4096 KiB GFP_KERNEL pool for atomic allocations
Jul 26 14:59:31 debian kernel: DMA: preallocated 4096 KiB GFP_KERNEL|GFP_DMA pool for atomic allocations
Jul 26 14:59:31 debian kernel: DMA: preallocated 4096 KiB GFP_KERNEL|GFP_DMA32 pool for atomic allocations
Jul 26 14:59:31 debian kernel: audit: initializing netlink subsys (disabled)
Jul 26 14:59:31 debian kernel: audit: type=2000 audit(1690376366.120:1): state=initialized audit_enabled=0 res=1
Jul 26 14:59:31 debian kernel: thermal_sys: Registered thermal governor 'fair_share'
Jul 26 14:59:31 debian kernel: thermal_sys: Registered thermal governor 'bang_bang'
Jul 26 14:59:31 debian kernel: thermal_sys: Registered thermal governor 'step_wise'
Jul 26 14:59:31 debian kernel: thermal_sys: Registered thermal governor 'user_space'
Jul 26 14:59:31 debian kernel: thermal_sys: Registered thermal governor 'power_allocator'
Jul 26 14:59:31 debian kernel: cpuidle: using governor ladder
Jul 26 14:59:31 debian kernel: cpuidle: using governor menu
Jul 26 14:59:31 debian kernel: acpiphp: ACPI Hot Plug PCI Controller Driver version: 0.5
Jul 26 14:59:31 debian kernel: PCI: MMCONFIG for domain 0000 [bus 00-ff] at [mem 0xc0000000-0xcfffffff] (base 0xc0000000)
Jul 26 14:59:31 debian kernel: PCI: MMCONFIG at [mem 0xc0000000-0xcfffffff] reserved in E820
Jul 26 14:59:31 debian kernel: PCI: Using configuration type 1 for base access
Jul 26 14:59:31 debian kernel: ENERGY_PERF_BIAS: Set to 'normal', was 'performance'
Jul 26 14:59:31 debian kernel: kprobes: kprobe jump-optimization is enabled. All kprobes are optimized if possible.
Jul 26 14:59:31 debian kernel: HugeTLB: registered 1.00 GiB page size, pre-allocated 0 pages
Jul 26 14:59:31 debian kernel: HugeTLB: 16380 KiB vmemmap can be freed for a 1.00 GiB page
Jul 26 14:59:31 debian kernel: HugeTLB: registered 2.00 MiB page size, pre-allocated 0 pages
Jul 26 14:59:31 debian kernel: HugeTLB: 28 KiB vmemmap can be freed for a 2.00 MiB page
Jul 26 14:59:31 debian kernel: ACPI: Added _OSI(Module Device)
Jul 26 14:59:31 debian kernel: ACPI: Added _OSI(Processor Device)
Jul 26 14:59:31 debian kernel: ACPI: Added _OSI(3.0 _SCP Extensions)
Jul 26 14:59:31 debian kernel: ACPI: Added _OSI(Processor Aggregator Device)
Jul 26 14:59:31 debian kernel: ACPI: 18 ACPI AML tables successfully acquired and loaded
Jul 26 14:59:31 debian kernel: ACPI: EC: EC started
Jul 26 14:59:31 debian kernel: ACPI: EC: interrupt blocked
Jul 26 14:59:31 debian kernel: ACPI: EC: EC_CMD/EC_SC=0x66, EC_DATA=0x62
Jul 26 14:59:31 debian kernel: ACPI: EC: Boot ECDT EC used to handle transactions
Jul 26 14:59:31 debian kernel: ACPI: [Firmware Bug]: BIOS _OSI(Linux) query ignored
Jul 26 14:59:31 debian kernel: ACPI: Dynamic OEM Table Load:
Jul 26 14:59:31 debian kernel: ACPI: SSDT 0xFFFF890781D30200 0001AB (v02 PmRef  Cpu0Psd  00003000 INTL 20200717)
Jul 26 14:59:31 debian kernel: ACPI: \_SB_.PR00: _OSC native thermal LVT Acked
Jul 26 14:59:31 debian kernel: ACPI: USB4 _OSC: OS supports USB3+ DisplayPort+ PCIe+ XDomain+
Jul 26 14:59:31 debian kernel: ACPI: USB4 _OSC: OS controls USB3+ DisplayPort+ PCIe+ XDomain+
Jul 26 14:59:31 debian kernel: ACPI: Dynamic OEM Table Load:
Jul 26 14:59:31 debian kernel: ACPI: SSDT 0xFFFF8907816DB800 000394 (v02 PmRef  Cpu0Cst  00003001 INTL 20200717)
Jul 26 14:59:31 debian kernel: ACPI: Dynamic OEM Table Load:
Jul 26 14:59:31 debian kernel: ACPI: SSDT 0xFFFF8907816FF800 0005E4 (v02 PmRef  Cpu0Ist  00003000 INTL 20200717)
Jul 26 14:59:31 debian kernel: ACPI: Dynamic OEM Table Load:
Jul 26 14:59:31 debian kernel: ACPI: SSDT 0xFFFF8907816FE800 0004BA (v02 PmRef  Cpu0Hwp  00003000 INTL 20200717)
Jul 26 14:59:31 debian kernel: ACPI: Dynamic OEM Table Load:
Jul 26 14:59:31 debian kernel: ACPI: SSDT 0xFFFF890F22CBA000 001BAF (v02 PmRef  ApIst    00003000 INTL 20200717)
Jul 26 14:59:31 debian kernel: ACPI: Dynamic OEM Table Load:
Jul 26 14:59:31 debian kernel: ACPI: SSDT 0xFFFF890781F2E000 001038 (v02 PmRef  ApHwp    00003000 INTL 20200717)
Jul 26 14:59:31 debian kernel: ACPI: Dynamic OEM Table Load:
Jul 26 14:59:31 debian kernel: ACPI: SSDT 0xFFFF890781F2A000 001349 (v02 PmRef  ApPsd    00003000 INTL 20200717)
Jul 26 14:59:31 debian kernel: ACPI: Dynamic OEM Table Load:
Jul 26 14:59:31 debian kernel: ACPI: SSDT 0xFFFF890781705000 000FBB (v02 PmRef  ApCst    00003000 INTL 20200717)
Jul 26 14:59:31 debian kernel: ACPI: Interpreter enabled
Jul 26 14:59:31 debian kernel: ACPI: PM: (supports S0 S4 S5)
Jul 26 14:59:31 debian kernel: ACPI: Using IOAPIC for interrupt routing
Jul 26 14:59:31 debian kernel: PCI: Using host bridge windows from ACPI; if necessary, use "pci=nocrs" and report a bug
Jul 26 14:59:31 debian kernel: PCI: Ignoring E820 reservations for host bridge windows
Jul 26 14:59:31 debian kernel: ACPI: Enabled 10 GPEs in block 00 to 7F
Jul 26 14:59:31 debian kernel: ACPI: PM: Power Resource [PXP]
Jul 26 14:59:31 debian kernel: ACPI: PM: Power Resource [PXP]
Jul 26 14:59:31 debian kernel: ACPI: PM: Power Resource [PUBS]
Jul 26 14:59:31 debian kernel: ACPI: PM: Power Resource [WWPR]
Jul 26 14:59:31 debian kernel: ACPI: PM: Power Resource [BTRT]
Jul 26 14:59:31 debian kernel: ACPI: PM: Power Resource [WRST]
Jul 26 14:59:31 debian kernel: ACPI: PM: Power Resource [PXP]
Jul 26 14:59:31 debian kernel: ACPI: PM: Power Resource [TBT0]
Jul 26 14:59:31 debian kernel: ACPI: PM: Power Resource [TBT1]
Jul 26 14:59:31 debian kernel: ACPI: PM: Power Resource [D3C]
Jul 26 14:59:31 debian kernel: ACPI: PM: Power Resource [PIN]
Jul 26 14:59:31 debian kernel: ACPI: PM: Power Resource [PINP]
Jul 26 14:59:31 debian kernel: ACPI: PCI Root Bridge [PC00] (domain 0000 [bus 00-fe])
Jul 26 14:59:31 debian kernel: acpi PNP0A08:00: _OSC: OS supports [ExtendedConfig ASPM ClockPM Segments MSI HPX-Type3]
Jul 26 14:59:31 debian kernel: acpi PNP0A08:00: _OSC: platform does not support [AER]
Jul 26 14:59:31 debian kernel: acpi PNP0A08:00: _OSC: OS now controls [PCIeHotplug SHPCHotplug PME PCIeCapability LTR]
Jul 26 14:59:31 debian kernel: PCI host bridge to bus 0000:00
Jul 26 14:59:31 debian kernel: pci_bus 0000:00: root bus resource [io  0x0000-0x0cf7 window]
Jul 26 14:59:31 debian kernel: pci_bus 0000:00: root bus resource [io  0x0d00-0xffff window]
Jul 26 14:59:31 debian kernel: pci_bus 0000:00: root bus resource [mem 0x000a0000-0x000bffff window]
Jul 26 14:59:31 debian kernel: pci_bus 0000:00: root bus resource [mem 0xa0800000-0xbfffffff window]
Jul 26 14:59:31 debian kernel: pci_bus 0000:00: root bus resource [mem 0x4000000000-0x7fffffffff window]
Jul 26 14:59:31 debian kernel: pci_bus 0000:00: root bus resource [bus 00-fe]
Jul 26 14:59:31 debian kernel: pci 0000:00:00.0: [8086:4621] type 00 class 0x060000
Jul 26 14:59:31 debian kernel: pci 0000:00:02.0: [8086:46a6] type 00 class 0x030000
Jul 26 14:59:31 debian kernel: pci 0000:00:02.0: reg 0x10: [mem 0x6052000000-0x6052ffffff 64bit]
Jul 26 14:59:31 debian kernel: pci 0000:00:02.0: reg 0x18: [mem 0x4000000000-0x400fffffff 64bit pref]
Jul 26 14:59:31 debian kernel: pci 0000:00:02.0: reg 0x20: [io  0x3000-0x303f]
Jul 26 14:59:31 debian kernel: pci 0000:00:02.0: BAR 2: assigned to efifb
Jul 26 14:59:31 debian kernel: pci 0000:00:02.0: DMAR: Skip IOMMU disabling for graphics
Jul 26 14:59:31 debian kernel: pci 0000:00:02.0: Video device with shadowed ROM at [mem 0x000c0000-0x000dffff]
Jul 26 14:59:31 debian kernel: pci 0000:00:02.0: reg 0x344: [mem 0x00000000-0x00ffffff 64bit]
Jul 26 14:59:31 debian kernel: pci 0000:00:02.0: VF(n) BAR0 space: [mem 0x00000000-0x06ffffff 64bit] (contains BAR0 for 7 VFs)
Jul 26 14:59:31 debian kernel: pci 0000:00:02.0: reg 0x34c: [mem 0x00000000-0x1fffffff 64bit pref]
Jul 26 14:59:31 debian kernel: pci 0000:00:02.0: VF(n) BAR2 space: [mem 0x00000000-0xdfffffff 64bit pref] (contains BAR2 for 7 VFs)
Jul 26 14:59:31 debian kernel: pci 0000:00:04.0: [8086:461d] type 00 class 0x118000
Jul 26 14:59:31 debian kernel: pci 0000:00:04.0: reg 0x10: [mem 0x6053180000-0x605319ffff 64bit]
Jul 26 14:59:31 debian kernel: pci 0000:00:06.0: [8086:464d] type 01 class 0x060400
Jul 26 14:59:31 debian kernel: pci 0000:00:06.0: PME# supported from D0 D3hot D3cold
Jul 26 14:59:31 debian kernel: pci 0000:00:06.0: PTM enabled (root), 4ns granularity
Jul 26 14:59:31 debian kernel: pci 0000:00:06.2: [8086:463d] type 01 class 0x060400
Jul 26 14:59:31 debian kernel: pci 0000:00:06.2: PME# supported from D0 D3hot D3cold
Jul 26 14:59:31 debian kernel: pci 0000:00:06.2: PTM enabled (root), 4ns granularity
Jul 26 14:59:31 debian kernel: pci 0000:00:07.0: [8086:466e] type 01 class 0x060400
Jul 26 14:59:31 debian kernel: pci 0000:00:07.0: Overriding RP PIO Log Size to 4
Jul 26 14:59:31 debian kernel: pci 0000:00:07.0: PME# supported from D0 D3hot D3cold
Jul 26 14:59:31 debian kernel: pci 0000:00:07.0: PTM enabled (root), 4ns granularity
Jul 26 14:59:31 debian kernel: pci 0000:00:07.2: [8086:462f] type 01 class 0x060400
Jul 26 14:59:31 debian kernel: pci 0000:00:07.2: Overriding RP PIO Log Size to 4
Jul 26 14:59:31 debian kernel: pci 0000:00:07.2: PME# supported from D0 D3hot D3cold
Jul 26 14:59:31 debian kernel: pci 0000:00:07.2: PTM enabled (root), 4ns granularity
Jul 26 14:59:31 debian kernel: pci 0000:00:0a.0: [8086:467d] type 00 class 0x118000
Jul 26 14:59:31 debian kernel: pci 0000:00:0a.0: reg 0x10: [mem 0x60531c0000-0x60531c7fff 64bit]
Jul 26 14:59:31 debian kernel: pci 0000:00:0a.0: enabling Extended Tags
Jul 26 14:59:31 debian kernel: pci 0000:00:0d.0: [8086:461e] type 00 class 0x0c0330
Jul 26 14:59:31 debian kernel: pci 0000:00:0d.0: reg 0x10: [mem 0x60531b0000-0x60531bffff 64bit]
Jul 26 14:59:31 debian kernel: pci 0000:00:0d.0: PME# supported from D3hot D3cold
Jul 26 14:59:31 debian kernel: pci 0000:00:0d.2: [8086:463e] type 00 class 0x0c0340
Jul 26 14:59:31 debian kernel: pci 0000:00:0d.2: reg 0x10: [mem 0x6053140000-0x605317ffff 64bit]
Jul 26 14:59:31 debian kernel: pci 0000:00:0d.2: reg 0x18: [mem 0x60531d9000-0x60531d9fff 64bit]
Jul 26 14:59:31 debian kernel: pci 0000:00:0d.2: supports D1 D2
Jul 26 14:59:31 debian kernel: pci 0000:00:0d.2: PME# supported from D0 D1 D2 D3hot D3cold
Jul 26 14:59:31 debian kernel: pci 0000:00:0d.3: [8086:466d] type 00 class 0x0c0340
Jul 26 14:59:31 debian kernel: pci 0000:00:0d.3: reg 0x10: [mem 0x6053100000-0x605313ffff 64bit]
Jul 26 14:59:31 debian kernel: pci 0000:00:0d.3: reg 0x18: [mem 0x60531d8000-0x60531d8fff 64bit]
Jul 26 14:59:31 debian kernel: pci 0000:00:0d.3: supports D1 D2
Jul 26 14:59:31 debian kernel: pci 0000:00:0d.3: PME# supported from D0 D1 D2 D3hot D3cold
Jul 26 14:59:31 debian kernel: pci 0000:00:14.0: [8086:51ed] type 00 class 0x0c0330
Jul 26 14:59:31 debian kernel: pci 0000:00:14.0: reg 0x10: [mem 0x60531a0000-0x60531affff 64bit]
Jul 26 14:59:31 debian kernel: pci 0000:00:14.0: PME# supported from D3hot D3cold
Jul 26 14:59:31 debian kernel: pci 0000:00:14.2: [8086:51ef] type 00 class 0x050000
Jul 26 14:59:31 debian kernel: pci 0000:00:14.2: reg 0x10: [mem 0x60531d0000-0x60531d3fff 64bit]
Jul 26 14:59:31 debian kernel: pci 0000:00:14.2: reg 0x18: [mem 0x60531d7000-0x60531d7fff 64bit]
Jul 26 14:59:31 debian kernel: pci 0000:00:14.3: [8086:51f0] type 00 class 0x028000
Jul 26 14:59:31 debian kernel: pci 0000:00:14.3: reg 0x10: [mem 0x60531cc000-0x60531cffff 64bit]
Jul 26 14:59:31 debian kernel: pci 0000:00:14.3: PME# supported from D0 D3hot D3cold
Jul 26 14:59:31 debian kernel: pci 0000:00:15.0: [8086:51e8] type 00 class 0x0c8000
Jul 26 14:59:31 debian kernel: pci 0000:00:15.0: reg 0x10: [mem 0x00000000-0x00000fff 64bit]
Jul 26 14:59:31 debian kernel: pci 0000:00:16.0: [8086:51e0] type 00 class 0x078000
Jul 26 14:59:31 debian kernel: pci 0000:00:16.0: reg 0x10: [mem 0x60531d5000-0x60531d5fff 64bit]
Jul 26 14:59:31 debian kernel: pci 0000:00:16.0: PME# supported from D3hot
Jul 26 14:59:31 debian kernel: pci 0000:00:1f.0: [8086:5182] type 00 class 0x060100
Jul 26 14:59:31 debian kernel: pci 0000:00:1f.3: [8086:51c8] type 00 class 0x040380
Jul 26 14:59:31 debian kernel: pci 0000:00:1f.3: reg 0x10: [mem 0x60531c8000-0x60531cbfff 64bit]
Jul 26 14:59:31 debian kernel: pci 0000:00:1f.3: reg 0x20: [mem 0x6053000000-0x60530fffff 64bit]
Jul 26 14:59:31 debian kernel: pci 0000:00:1f.3: PME# supported from D3hot D3cold
Jul 26 14:59:31 debian kernel: pci 0000:00:1f.4: [8086:51a3] type 00 class 0x0c0500
Jul 26 14:59:31 debian kernel: pci 0000:00:1f.4: reg 0x10: [mem 0x60531d4000-0x60531d40ff 64bit]
Jul 26 14:59:31 debian kernel: pci 0000:00:1f.4: reg 0x20: [io  0xefa0-0xefbf]
Jul 26 14:59:31 debian kernel: pci 0000:00:1f.5: [8086:51a4] type 00 class 0x0c8000
Jul 26 14:59:31 debian kernel: pci 0000:00:1f.5: reg 0x10: [mem 0xfe010000-0xfe010fff]
Jul 26 14:59:31 debian kernel: pci 0000:00:1f.6: [8086:1a1f] type 00 class 0x020000
Jul 26 14:59:31 debian kernel: pci 0000:00:1f.6: reg 0x10: [mem 0xbe180000-0xbe19ffff]
Jul 26 14:59:31 debian kernel: pci 0000:00:1f.6: PME# supported from D0 D3hot D3cold
Jul 26 14:59:31 debian kernel: pci 0000:02:00.0: [144d:a80a] type 00 class 0x010802
Jul 26 14:59:31 debian kernel: pci 0000:02:00.0: reg 0x10: [mem 0xbe000000-0xbe003fff 64bit]
Jul 26 14:59:31 debian kernel: pci 0000:00:06.0: PCI bridge to [bus 02]
Jul 26 14:59:31 debian kernel: pci 0000:00:06.0:   bridge window [mem 0xbe000000-0xbe0fffff]
Jul 26 14:59:31 debian kernel: pci 0000:03:00.0: [10de:1fb7] type 00 class 0x030200
Jul 26 14:59:31 debian kernel: pci 0000:03:00.0: reg 0x10: [mem 0xbd000000-0xbdffffff]
Jul 26 14:59:31 debian kernel: pci 0000:03:00.0: reg 0x14: [mem 0x6040000000-0x604fffffff 64bit pref]
Jul 26 14:59:31 debian kernel: pci 0000:03:00.0: reg 0x1c: [mem 0x6050000000-0x6051ffffff 64bit pref]
Jul 26 14:59:31 debian kernel: pci 0000:03:00.0: reg 0x24: [io  0x2000-0x207f]
Jul 26 14:59:31 debian kernel: pci 0000:03:00.0: reg 0x30: [mem 0xfff80000-0xffffffff pref]
Jul 26 14:59:31 debian kernel: pci 0000:03:00.0: Enabling HDA controller
Jul 26 14:59:31 debian kernel: pci 0000:03:00.0: PME# supported from D0 D3hot D3cold
Jul 26 14:59:31 debian kernel: pci 0000:03:00.0: 63.012 Gb/s available PCIe bandwidth, limited by 16.0 GT/s PCIe x4 link at 0000:00:06.2 (capable of 252.048 Gb/s with 16.0 GT/s PCIe x16 link)
Jul 26 14:59:31 debian kernel: pci 0000:00:06.2: PCI bridge to [bus 03]
Jul 26 14:59:31 debian kernel: pci 0000:00:06.2:   bridge window [io  0x2000-0x2fff]
Jul 26 14:59:31 debian kernel: pci 0000:00:06.2:   bridge window [mem 0xbd000000-0xbdffffff]
Jul 26 14:59:31 debian kernel: pci 0000:00:06.2:   bridge window [mem 0x6040000000-0x6051ffffff 64bit pref]
Jul 26 14:59:31 debian kernel: pci 0000:00:07.0: PCI bridge to [bus 20-49]
Jul 26 14:59:31 debian kernel: pci 0000:00:07.0:   bridge window [mem 0xb0000000-0xbc1fffff]
Jul 26 14:59:31 debian kernel: pci 0000:00:07.0:   bridge window [mem 0x6000000000-0x601bffffff 64bit pref]
Jul 26 14:59:31 debian kernel: pci 0000:00:07.2: PCI bridge to [bus 50-79]
Jul 26 14:59:31 debian kernel: pci 0000:00:07.2:   bridge window [mem 0xa2000000-0xae1fffff]
Jul 26 14:59:31 debian kernel: pci 0000:00:07.2:   bridge window [mem 0x6020000000-0x603bffffff 64bit pref]
Jul 26 14:59:31 debian kernel: Low-power S0 idle used by default for system suspend
Jul 26 14:59:31 debian kernel: ACPI: EC: interrupt unblocked
Jul 26 14:59:31 debian kernel: ACPI: EC: event unblocked
Jul 26 14:59:31 debian kernel: ACPI: EC: EC_CMD/EC_SC=0x66, EC_DATA=0x62
Jul 26 14:59:31 debian kernel: ACPI: EC: GPE=0x6e
Jul 26 14:59:31 debian kernel: ACPI: \_SB_.PC00.LPCB.EC__: Boot ECDT EC initialization complete
Jul 26 14:59:31 debian kernel: ACPI: \_SB_.PC00.LPCB.EC__: EC: Used to handle transactions and events
Jul 26 14:59:31 debian kernel: iommu: Default domain type: Translated 
Jul 26 14:59:31 debian kernel: iommu: DMA domain TLB invalidation policy: lazy mode 
Jul 26 14:59:31 debian kernel: EDAC MC: Ver: 3.0.0
Jul 26 14:59:31 debian kernel: Registered efivars operations
Jul 26 14:59:31 debian kernel: NetLabel: Initializing
Jul 26 14:59:31 debian kernel: NetLabel:  domain hash size = 128
Jul 26 14:59:31 debian kernel: NetLabel:  protocols = UNLABELED CIPSOv4 CALIPSO
Jul 26 14:59:31 debian kernel: NetLabel:  unlabeled traffic allowed by default
Jul 26 14:59:31 debian kernel: PCI: Using ACPI for IRQ routing
Jul 26 14:59:31 debian kernel: PCI: pci_cache_line_size set to 64 bytes
Jul 26 14:59:31 debian kernel: pci 0000:00:1f.5: can't claim BAR 0 [mem 0xfe010000-0xfe010fff]: no compatible bridge window
Jul 26 14:59:31 debian kernel: e820: reserve RAM buffer [mem 0x0009f000-0x0009ffff]
Jul 26 14:59:31 debian kernel: e820: reserve RAM buffer [mem 0x87a2a000-0x87ffffff]
Jul 26 14:59:31 debian kernel: e820: reserve RAM buffer [mem 0x8814b000-0x8bffffff]
Jul 26 14:59:31 debian kernel: e820: reserve RAM buffer [mem 0x8da3f000-0x8fffffff]
Jul 26 14:59:31 debian kernel: e820: reserve RAM buffer [mem 0x93800000-0x93ffffff]
Jul 26 14:59:31 debian kernel: e820: reserve RAM buffer [mem 0xc5f800000-0xc5fffffff]
Jul 26 14:59:31 debian kernel: pci 0000:00:02.0: vgaarb: setting as boot VGA device
Jul 26 14:59:31 debian kernel: pci 0000:00:02.0: vgaarb: bridge control possible
Jul 26 14:59:31 debian kernel: pci 0000:00:02.0: vgaarb: VGA device added: decodes=io+mem,owns=mem,locks=none
Jul 26 14:59:31 debian kernel: vgaarb: loaded
Jul 26 14:59:31 debian kernel: clocksource: Switched to clocksource tsc-early
Jul 26 14:59:31 debian kernel: VFS: Disk quotas dquot_6.6.0
Jul 26 14:59:31 debian kernel: VFS: Dquot-cache hash table entries: 512 (order 0, 4096 bytes)
Jul 26 14:59:31 debian kernel: AppArmor: AppArmor Filesystem Enabled
Jul 26 14:59:31 debian kernel: pnp: PnP ACPI init
Jul 26 14:59:31 debian kernel: system 00:00: [io  0x0680-0x069f] has been reserved
Jul 26 14:59:31 debian kernel: system 00:00: [io  0x164e-0x164f] has been reserved
Jul 26 14:59:31 debian kernel: system 00:01: [io  0x1854-0x1857] has been reserved
Jul 26 14:59:31 debian kernel: pnp 00:04: disabling [mem 0xc0000000-0xcfffffff] because it overlaps 0000:00:02.0 BAR 9 [mem 0x00000000-0xdfffffff 64bit pref]
Jul 26 14:59:31 debian kernel: system 00:04: [io  0x1800-0x189f] could not be reserved
Jul 26 14:59:31 debian kernel: system 00:04: [io  0x0800-0x087f] has been reserved
Jul 26 14:59:31 debian kernel: system 00:04: [io  0x0880-0x08ff] has been reserved
Jul 26 14:59:31 debian kernel: system 00:04: [io  0x0900-0x097f] has been reserved
Jul 26 14:59:31 debian kernel: system 00:04: [io  0x0980-0x09ff] has been reserved
Jul 26 14:59:31 debian kernel: system 00:04: [io  0x0a00-0x0a7f] has been reserved
Jul 26 14:59:31 debian kernel: system 00:04: [io  0x0a80-0x0aff] has been reserved
Jul 26 14:59:31 debian kernel: system 00:04: [io  0x0b00-0x0b7f] has been reserved
Jul 26 14:59:31 debian kernel: system 00:04: [io  0x0b80-0x0bff] has been reserved
Jul 26 14:59:31 debian kernel: system 00:04: [io  0x15e0-0x15ef] has been reserved
Jul 26 14:59:31 debian kernel: system 00:04: [io  0x1600-0x167f] could not be reserved
Jul 26 14:59:31 debian kernel: system 00:04: [io  0x1640-0x165f] could not be reserved
Jul 26 14:59:31 debian kernel: system 00:04: [mem 0xfed10000-0xfed13fff] has been reserved
Jul 26 14:59:31 debian kernel: system 00:04: [mem 0xfed18000-0xfed18fff] has been reserved
Jul 26 14:59:31 debian kernel: system 00:04: [mem 0xfed19000-0xfed19fff] has been reserved
Jul 26 14:59:31 debian kernel: system 00:04: [mem 0xfeb00000-0xfebfffff] has been reserved
Jul 26 14:59:31 debian kernel: system 00:04: [mem 0xfed20000-0xfed3ffff] has been reserved
Jul 26 14:59:31 debian kernel: system 00:04: [mem 0xfed90000-0xfed93fff] could not be reserved
Jul 26 14:59:31 debian kernel: pnp 00:05: disabling [mem 0xc0000000-0xcfffffff] because it overlaps 0000:00:02.0 BAR 9 [mem 0x00000000-0xdfffffff 64bit pref]
Jul 26 14:59:31 debian kernel: system 00:05: [mem 0xfedc0000-0xfedc7fff] has been reserved
Jul 26 14:59:31 debian kernel: system 00:05: [mem 0xfeda0000-0xfeda0fff] has been reserved
Jul 26 14:59:31 debian kernel: system 00:05: [mem 0xfeda1000-0xfeda1fff] has been reserved
Jul 26 14:59:31 debian kernel: system 00:05: [mem 0xfed20000-0xfed7ffff] could not be reserved
Jul 26 14:59:31 debian kernel: system 00:05: [mem 0xfed90000-0xfed93fff] could not be reserved
Jul 26 14:59:31 debian kernel: system 00:05: [mem 0xfed45000-0xfed8ffff] could not be reserved
Jul 26 14:59:31 debian kernel: system 00:05: [mem 0xfee00000-0xfeefffff] has been reserved
Jul 26 14:59:31 debian kernel: system 00:06: [io  0xff00-0xfffe] has been reserved
Jul 26 14:59:31 debian kernel: pnp 00:08: disabling [mem 0x000c0000-0x000c3fff] because it overlaps 0000:00:02.0 BAR 6 [mem 0x000c0000-0x000dffff]
Jul 26 14:59:31 debian kernel: pnp 00:08: disabling [mem 0x000c8000-0x000cbfff] because it overlaps 0000:00:02.0 BAR 6 [mem 0x000c0000-0x000dffff]
Jul 26 14:59:31 debian kernel: pnp 00:08: disabling [mem 0x000d0000-0x000d3fff] because it overlaps 0000:00:02.0 BAR 6 [mem 0x000c0000-0x000dffff]
Jul 26 14:59:31 debian kernel: pnp 00:08: disabling [mem 0x000d8000-0x000dbfff] because it overlaps 0000:00:02.0 BAR 6 [mem 0x000c0000-0x000dffff]
Jul 26 14:59:31 debian kernel: pnp 00:08: disabling [mem 0x00000000-0x0009ffff] because it overlaps 0000:00:02.0 BAR 7 [mem 0x00000000-0x06ffffff 64bit]
Jul 26 14:59:31 debian kernel: pnp 00:08: disabling [mem 0x000c0000-0x000c3fff disabled] because it overlaps 0000:00:02.0 BAR 7 [mem 0x00000000-0x06ffffff 64bit]
Jul 26 14:59:31 debian kernel: pnp 00:08: disabling [mem 0x000c8000-0x000cbfff disabled] because it overlaps 0000:00:02.0 BAR 7 [mem 0x00000000-0x06ffffff 64bit]
Jul 26 14:59:31 debian kernel: pnp 00:08: disabling [mem 0x000d0000-0x000d3fff disabled] because it overlaps 0000:00:02.0 BAR 7 [mem 0x00000000-0x06ffffff 64bit]
Jul 26 14:59:31 debian kernel: pnp 00:08: disabling [mem 0x000d8000-0x000dbfff disabled] because it overlaps 0000:00:02.0 BAR 7 [mem 0x00000000-0x06ffffff 64bit]
Jul 26 14:59:31 debian kernel: pnp 00:08: disabling [mem 0x000e0000-0x000e3fff] because it overlaps 0000:00:02.0 BAR 7 [mem 0x00000000-0x06ffffff 64bit]
Jul 26 14:59:31 debian kernel: pnp 00:08: disabling [mem 0x000e8000-0x000ebfff] because it overlaps 0000:00:02.0 BAR 7 [mem 0x00000000-0x06ffffff 64bit]
Jul 26 14:59:31 debian kernel: pnp 00:08: disabling [mem 0x000f0000-0x000fffff] because it overlaps 0000:00:02.0 BAR 7 [mem 0x00000000-0x06ffffff 64bit]
Jul 26 14:59:31 debian kernel: pnp 00:08: disabling [mem 0x00100000-0xa07fffff] because it overlaps 0000:00:02.0 BAR 7 [mem 0x00000000-0x06ffffff 64bit]
Jul 26 14:59:31 debian kernel: pnp 00:08: disabling [mem 0x00000000-0x0009ffff disabled] because it overlaps 0000:00:02.0 BAR 9 [mem 0x00000000-0xdfffffff 64bit pref]
Jul 26 14:59:31 debian kernel: pnp 00:08: disabling [mem 0x000c0000-0x000c3fff disabled] because it overlaps 0000:00:02.0 BAR 9 [mem 0x00000000-0xdfffffff 64bit pref]
Jul 26 14:59:31 debian kernel: pnp 00:08: disabling [mem 0x000c8000-0x000cbfff disabled] because it overlaps 0000:00:02.0 BAR 9 [mem 0x00000000-0xdfffffff 64bit pref]
Jul 26 14:59:31 debian kernel: pnp 00:08: disabling [mem 0x000d0000-0x000d3fff disabled] because it overlaps 0000:00:02.0 BAR 9 [mem 0x00000000-0xdfffffff 64bit pref]
Jul 26 14:59:31 debian kernel: pnp 00:08: disabling [mem 0x000d8000-0x000dbfff disabled] because it overlaps 0000:00:02.0 BAR 9 [mem 0x00000000-0xdfffffff 64bit pref]
Jul 26 14:59:31 debian kernel: pnp 00:08: disabling [mem 0x000e0000-0x000e3fff disabled] because it overlaps 0000:00:02.0 BAR 9 [mem 0x00000000-0xdfffffff 64bit pref]
Jul 26 14:59:31 debian kernel: pnp 00:08: disabling [mem 0x000e8000-0x000ebfff disabled] because it overlaps 0000:00:02.0 BAR 9 [mem 0x00000000-0xdfffffff 64bit pref]
Jul 26 14:59:31 debian kernel: pnp 00:08: disabling [mem 0x000f0000-0x000fffff disabled] because it overlaps 0000:00:02.0 BAR 9 [mem 0x00000000-0xdfffffff 64bit pref]
Jul 26 14:59:31 debian kernel: pnp 00:08: disabling [mem 0x00100000-0xa07fffff disabled] because it overlaps 0000:00:02.0 BAR 9 [mem 0x00000000-0xdfffffff 64bit pref]
Jul 26 14:59:31 debian kernel: system 00:08: [mem 0xfec00000-0xfed3ffff] could not be reserved
Jul 26 14:59:31 debian kernel: system 00:08: [mem 0xfed4c000-0xffffffff] could not be reserved
Jul 26 14:59:31 debian kernel: pnp: PnP ACPI: found 9 devices
Jul 26 14:59:31 debian kernel: clocksource: acpi_pm: mask: 0xffffff max_cycles: 0xffffff, max_idle_ns: 2085701024 ns
Jul 26 14:59:31 debian kernel: NET: Registered PF_INET protocol family
Jul 26 14:59:31 debian kernel: IP idents hash table entries: 262144 (order: 9, 2097152 bytes, linear)
Jul 26 14:59:31 debian kernel: tcp_listen_portaddr_hash hash table entries: 32768 (order: 7, 524288 bytes, linear)
Jul 26 14:59:31 debian kernel: Table-perturb hash table entries: 65536 (order: 6, 262144 bytes, linear)
Jul 26 14:59:31 debian kernel: TCP established hash table entries: 524288 (order: 10, 4194304 bytes, linear)
Jul 26 14:59:31 debian kernel: TCP bind hash table entries: 65536 (order: 9, 2097152 bytes, linear)
Jul 26 14:59:31 debian kernel: TCP: Hash tables configured (established 524288 bind 65536)
Jul 26 14:59:31 debian kernel: MPTCP token hash table entries: 65536 (order: 8, 1572864 bytes, linear)
Jul 26 14:59:31 debian kernel: UDP hash table entries: 32768 (order: 8, 1048576 bytes, linear)
Jul 26 14:59:31 debian kernel: UDP-Lite hash table entries: 32768 (order: 8, 1048576 bytes, linear)
Jul 26 14:59:31 debian kernel: NET: Registered PF_UNIX/PF_LOCAL protocol family
Jul 26 14:59:31 debian kernel: NET: Registered PF_XDP protocol family
Jul 26 14:59:31 debian kernel: pci 0000:03:00.0: can't claim BAR 6 [mem 0xfff80000-0xffffffff pref]: no compatible bridge window
Jul 26 14:59:31 debian kernel: pci_bus 0000:00: max bus depth: 1 pci_try_num: 2
Jul 26 14:59:31 debian kernel: pci 0000:00:02.0: BAR 9: assigned [mem 0x4020000000-0x40ffffffff 64bit pref]
Jul 26 14:59:31 debian kernel: pci 0000:00:02.0: BAR 7: assigned [mem 0x4010000000-0x4016ffffff 64bit]
Jul 26 14:59:31 debian kernel: pci 0000:00:07.0: BAR 13: assigned [io  0x4000-0x4fff]
Jul 26 14:59:31 debian kernel: pci 0000:00:07.2: BAR 13: assigned [io  0x5000-0x5fff]
Jul 26 14:59:31 debian kernel: pci 0000:00:15.0: BAR 0: assigned [mem 0x4017000000-0x4017000fff 64bit]
Jul 26 14:59:31 debian kernel: pci 0000:00:1f.5: BAR 0: assigned [mem 0xa0800000-0xa0800fff]
Jul 26 14:59:31 debian kernel: pci 0000:00:06.0: PCI bridge to [bus 02]
Jul 26 14:59:31 debian kernel: pci 0000:00:06.0:   bridge window [mem 0xbe000000-0xbe0fffff]
Jul 26 14:59:31 debian kernel: pci 0000:03:00.0: BAR 6: no space for [mem size 0x00080000 pref]
Jul 26 14:59:31 debian kernel: pci 0000:03:00.0: BAR 6: failed to assign [mem size 0x00080000 pref]
Jul 26 14:59:31 debian kernel: pci 0000:00:06.2: PCI bridge to [bus 03]
Jul 26 14:59:31 debian kernel: pci 0000:00:06.2:   bridge window [io  0x2000-0x2fff]
Jul 26 14:59:31 debian kernel: pci 0000:00:06.2:   bridge window [mem 0xbd000000-0xbdffffff]
Jul 26 14:59:31 debian kernel: pci 0000:00:06.2:   bridge window [mem 0x6040000000-0x6051ffffff 64bit pref]
Jul 26 14:59:31 debian kernel: pci 0000:00:07.0: PCI bridge to [bus 20-49]
Jul 26 14:59:31 debian kernel: pci 0000:00:07.0:   bridge window [io  0x4000-0x4fff]
Jul 26 14:59:31 debian kernel: pci 0000:00:07.0:   bridge window [mem 0xb0000000-0xbc1fffff]
Jul 26 14:59:31 debian kernel: pci 0000:00:07.0:   bridge window [mem 0x6000000000-0x601bffffff 64bit pref]
Jul 26 14:59:31 debian kernel: pci 0000:00:07.2: PCI bridge to [bus 50-79]
Jul 26 14:59:31 debian kernel: pci 0000:00:07.2:   bridge window [io  0x5000-0x5fff]
Jul 26 14:59:31 debian kernel: pci 0000:00:07.2:   bridge window [mem 0xa2000000-0xae1fffff]
Jul 26 14:59:31 debian kernel: pci 0000:00:07.2:   bridge window [mem 0x6020000000-0x603bffffff 64bit pref]
Jul 26 14:59:31 debian kernel: pci_bus 0000:00: resource 4 [io  0x0000-0x0cf7 window]
Jul 26 14:59:31 debian kernel: pci_bus 0000:00: resource 5 [io  0x0d00-0xffff window]
Jul 26 14:59:31 debian kernel: pci_bus 0000:00: resource 6 [mem 0x000a0000-0x000bffff window]
Jul 26 14:59:31 debian kernel: pci_bus 0000:00: resource 7 [mem 0xa0800000-0xbfffffff window]
Jul 26 14:59:31 debian kernel: pci_bus 0000:00: resource 8 [mem 0x4000000000-0x7fffffffff window]
Jul 26 14:59:31 debian kernel: pci_bus 0000:02: resource 1 [mem 0xbe000000-0xbe0fffff]
Jul 26 14:59:31 debian kernel: pci_bus 0000:03: resource 0 [io  0x2000-0x2fff]
Jul 26 14:59:31 debian kernel: pci_bus 0000:03: resource 1 [mem 0xbd000000-0xbdffffff]
Jul 26 14:59:31 debian kernel: pci_bus 0000:03: resource 2 [mem 0x6040000000-0x6051ffffff 64bit pref]
Jul 26 14:59:31 debian kernel: pci_bus 0000:20: resource 0 [io  0x4000-0x4fff]
Jul 26 14:59:31 debian kernel: pci_bus 0000:20: resource 1 [mem 0xb0000000-0xbc1fffff]
Jul 26 14:59:31 debian kernel: pci_bus 0000:20: resource 2 [mem 0x6000000000-0x601bffffff 64bit pref]
Jul 26 14:59:31 debian kernel: pci_bus 0000:50: resource 0 [io  0x5000-0x5fff]
Jul 26 14:59:31 debian kernel: pci_bus 0000:50: resource 1 [mem 0xa2000000-0xae1fffff]
Jul 26 14:59:31 debian kernel: pci_bus 0000:50: resource 2 [mem 0x6020000000-0x603bffffff 64bit pref]
Jul 26 14:59:31 debian kernel: PCI: CLS 0 bytes, default 64
Jul 26 14:59:31 debian kernel: DMAR: No ATSR found
Jul 26 14:59:31 debian kernel: DMAR: No SATC found
Jul 26 14:59:31 debian kernel: DMAR: IOMMU feature fl1gp_support inconsistent
Jul 26 14:59:31 debian kernel: DMAR: IOMMU feature pgsel_inv inconsistent
Jul 26 14:59:31 debian kernel: DMAR: IOMMU feature nwfs inconsistent
Jul 26 14:59:31 debian kernel: DMAR: IOMMU feature dit inconsistent
Jul 26 14:59:31 debian kernel: DMAR: IOMMU feature sc_support inconsistent
Jul 26 14:59:31 debian kernel: DMAR: IOMMU feature dev_iotlb_support inconsistent
Jul 26 14:59:31 debian kernel: DMAR: dmar0: Using Queued invalidation
Jul 26 14:59:31 debian kernel: DMAR: dmar1: Using Queued invalidation
Jul 26 14:59:31 debian kernel: Trying to unpack rootfs image as initramfs...
Jul 26 14:59:31 debian kernel: pci 0000:00:02.0: Adding to iommu group 0
Jul 26 14:59:31 debian kernel: pci 0000:00:00.0: Adding to iommu group 1
Jul 26 14:59:31 debian kernel: pci 0000:00:04.0: Adding to iommu group 2
Jul 26 14:59:31 debian kernel: pci 0000:00:06.0: Adding to iommu group 3
Jul 26 14:59:31 debian kernel: pci 0000:00:06.2: Adding to iommu group 4
Jul 26 14:59:31 debian kernel: pci 0000:00:07.0: Adding to iommu group 5
Jul 26 14:59:31 debian kernel: pci 0000:00:07.2: Adding to iommu group 6
Jul 26 14:59:31 debian kernel: pci 0000:00:0a.0: Adding to iommu group 7
Jul 26 14:59:31 debian kernel: pci 0000:00:0d.0: Adding to iommu group 8
Jul 26 14:59:31 debian kernel: pci 0000:00:0d.2: Adding to iommu group 8
Jul 26 14:59:31 debian kernel: pci 0000:00:0d.3: Adding to iommu group 8
Jul 26 14:59:31 debian kernel: pci 0000:00:14.0: Adding to iommu group 9
Jul 26 14:59:31 debian kernel: pci 0000:00:14.2: Adding to iommu group 9
Jul 26 14:59:31 debian kernel: pci 0000:00:14.3: Adding to iommu group 10
Jul 26 14:59:31 debian kernel: pci 0000:00:15.0: Adding to iommu group 11
Jul 26 14:59:31 debian kernel: pci 0000:00:16.0: Adding to iommu group 12
Jul 26 14:59:31 debian kernel: pci 0000:00:1f.0: Adding to iommu group 13
Jul 26 14:59:31 debian kernel: pci 0000:00:1f.3: Adding to iommu group 13
Jul 26 14:59:31 debian kernel: pci 0000:00:1f.4: Adding to iommu group 13
Jul 26 14:59:31 debian kernel: pci 0000:00:1f.5: Adding to iommu group 13
Jul 26 14:59:31 debian kernel: pci 0000:00:1f.6: Adding to iommu group 13
Jul 26 14:59:31 debian kernel: pci 0000:02:00.0: Adding to iommu group 14
Jul 26 14:59:31 debian kernel: pci 0000:03:00.0: Adding to iommu group 15
Jul 26 14:59:31 debian kernel: DMAR: Intel(R) Virtualization Technology for Directed I/O
Jul 26 14:59:31 debian kernel: PCI-DMA: Using software bounce buffering for IO (SWIOTLB)
Jul 26 14:59:31 debian kernel: software IO TLB: mapped [mem 0x0000000083a2a000-0x0000000087a2a000] (64MB)
Jul 26 14:59:31 debian kernel: clocksource: tsc: mask: 0xffffffffffffffff max_cycles: 0x23fa772cf26, max_idle_ns: 440795269835 ns
Jul 26 14:59:31 debian kernel: clocksource: Switched to clocksource tsc
Jul 26 14:59:31 debian kernel: platform rtc_cmos: registered platform RTC device (no PNP device found)
Jul 26 14:59:31 debian kernel: Initialise system trusted keyrings
Jul 26 14:59:31 debian kernel: Key type blacklist registered
Jul 26 14:59:31 debian kernel: workingset: timestamp_bits=36 max_order=24 bucket_order=0
Jul 26 14:59:31 debian kernel: zbud: loaded
Jul 26 14:59:31 debian kernel: integrity: Platform Keyring initialized
Jul 26 14:59:31 debian kernel: integrity: Machine keyring initialized
Jul 26 14:59:31 debian kernel: Key type asymmetric registered
Jul 26 14:59:31 debian kernel: Asymmetric key parser 'x509' registered
Jul 26 14:59:31 debian kernel: Freeing initrd memory: 58600K
Jul 26 14:59:31 debian kernel: alg: self-tests for CTR-KDF (hmac(sha256)) passed
Jul 26 14:59:31 debian kernel: Block layer SCSI generic (bsg) driver version 0.4 loaded (major 250)
Jul 26 14:59:31 debian kernel: io scheduler mq-deadline registered
Jul 26 14:59:31 debian kernel: pcieport 0000:00:06.0: PME: Signaling with IRQ 122
Jul 26 14:59:31 debian kernel: pcieport 0000:00:06.2: PME: Signaling with IRQ 123
Jul 26 14:59:31 debian kernel: pcieport 0000:00:07.0: PME: Signaling with IRQ 124
Jul 26 14:59:31 debian kernel: pcieport 0000:00:07.0: pciehp: Slot #3 AttnBtn- PwrCtrl- MRL- AttnInd- PwrInd- HotPlug+ Surprise+ Interlock- NoCompl+ IbPresDis- LLActRep+
Jul 26 14:59:31 debian kernel: pcieport 0000:00:07.2: PME: Signaling with IRQ 125
Jul 26 14:59:31 debian kernel: pcieport 0000:00:07.2: pciehp: Slot #5 AttnBtn- PwrCtrl- MRL- AttnInd- PwrInd- HotPlug+ Surprise+ Interlock- NoCompl+ IbPresDis- LLActRep+
Jul 26 14:59:31 debian kernel: shpchp: Standard Hot Plug PCI Controller Driver version: 0.4
Jul 26 14:59:31 debian kernel: thermal LNXTHERM:00: registered as thermal_zone0
Jul 26 14:59:31 debian kernel: ACPI: thermal: Thermal Zone [THM0] (54 C)
Jul 26 14:59:31 debian kernel: Serial: 8250/16550 driver, 4 ports, IRQ sharing enabled
Jul 26 14:59:31 debian kernel: hpet_acpi_add: no address or irqs in _CRS
Jul 26 14:59:31 debian kernel: Linux agpgart interface v0.103
Jul 26 14:59:31 debian kernel: tpm_tis NTC0702:00: 2.0 TPM (device-id 0xFC, rev-id 1)
Jul 26 14:59:31 debian kernel: AMD-Vi: AMD IOMMUv2 functionality not available on this system - This is not a bug.
Jul 26 14:59:31 debian kernel: i8042: PNP: PS/2 Controller [PNP0303:KBD,PNP0f13:MOU] at 0x60,0x64 irq 1,12
Jul 26 14:59:31 debian kernel: i8042: Warning: Keylock active
Jul 26 14:59:31 debian kernel: serio: i8042 KBD port at 0x60,0x64 irq 1
Jul 26 14:59:31 debian kernel: serio: i8042 AUX port at 0x60,0x64 irq 12
Jul 26 14:59:31 debian kernel: mousedev: PS/2 mouse device common for all mice
Jul 26 14:59:31 debian kernel: rtc_cmos rtc_cmos: RTC can wake from S4
Jul 26 14:59:31 debian kernel: rtc_cmos rtc_cmos: registered as rtc0
Jul 26 14:59:31 debian kernel: input: AT Translated Set 2 keyboard as /devices/platform/i8042/serio0/input/input0
Jul 26 14:59:31 debian kernel: rtc_cmos rtc_cmos: setting system clock to 2023-07-26T12:59:28 UTC (1690376368)
Jul 26 14:59:31 debian kernel: rtc_cmos rtc_cmos: alarms up to one month, y3k, 114 bytes nvram
Jul 26 14:59:31 debian kernel: intel_pstate: Intel P-state driver initializing
Jul 26 14:59:31 debian kernel: intel_pstate: HWP enabled
Jul 26 14:59:31 debian kernel: ledtrig-cpu: registered to indicate activity on CPUs
Jul 26 14:59:31 debian kernel: efifb: probing for efifb
Jul 26 14:59:31 debian kernel: efifb: framebuffer at 0x4000000000, using 9024k, total 9024k
Jul 26 14:59:31 debian kernel: efifb: mode is 1920x1200x32, linelength=7680, pages=1
Jul 26 14:59:31 debian kernel: efifb: scrolling: redraw
Jul 26 14:59:31 debian kernel: efifb: Truecolor: size=8:8:8:8, shift=24:16:8:0
Jul 26 14:59:31 debian kernel: Console: switching to colour frame buffer device 240x75
Jul 26 14:59:31 debian kernel: fb0: EFI VGA frame buffer device
Jul 26 14:59:31 debian kernel: NET: Registered PF_INET6 protocol family
Jul 26 14:59:31 debian kernel: Segment Routing with IPv6
Jul 26 14:59:31 debian kernel: In-situ OAM (IOAM) with IPv6
Jul 26 14:59:31 debian kernel: mip6: Mobile IPv6
Jul 26 14:59:31 debian kernel: NET: Registered PF_PACKET protocol family
Jul 26 14:59:31 debian kernel: mpls_gso: MPLS GSO support
Jul 26 14:59:31 debian kernel: microcode: sig=0x906a3, pf=0x80, revision=0x42a
Jul 26 14:59:31 debian kernel: microcode: Microcode Update Driver: v2.2.
Jul 26 14:59:31 debian kernel: IPI shorthand broadcast: enabled
Jul 26 14:59:31 debian kernel: sched_clock: Marking stable (1592420277, 15978837)->(1637760890, -29361776)
Jul 26 14:59:31 debian kernel: registered taskstats version 1
Jul 26 14:59:31 debian kernel: Loading compiled-in X.509 certificates
Jul 26 14:59:31 debian kernel: Loaded X.509 cert 'Debian Secure Boot CA: 6ccece7e4c6c0d1f6149f3dd27dfcc5cbb419ea1'
Jul 26 14:59:31 debian kernel: Loaded X.509 cert 'Debian Secure Boot Signer 2022 - linux: 14011249c2675ea8e5148542202005810584b25f'
Jul 26 14:59:31 debian kernel: zswap: loaded using pool lzo/zbud
Jul 26 14:59:31 debian kernel: Key type .fscrypt registered
Jul 26 14:59:31 debian kernel: Key type fscrypt-provisioning registered
Jul 26 14:59:31 debian kernel: Key type encrypted registered
Jul 26 14:59:31 debian kernel: AppArmor: AppArmor sha1 policy hashing enabled
Jul 26 14:59:31 debian kernel: integrity: Loading X.509 certificate: UEFI:db
Jul 26 14:59:31 debian kernel: integrity: Loaded X.509 cert 'Lenovo Ltd.: ThinkPad Product CA 2012: 838b1f54c1550463f45f98700640f11069265949'
Jul 26 14:59:31 debian kernel: integrity: Loading X.509 certificate: UEFI:db
Jul 26 14:59:31 debian kernel: integrity: Loaded X.509 cert 'Lenovo UEFI CA 2014: 4b91a68732eaefdd2c8ffffc6b027ec3449e9c8f'
Jul 26 14:59:31 debian kernel: integrity: Loading X.509 certificate: UEFI:db
Jul 26 14:59:31 debian kernel: integrity: Loaded X.509 cert 'Microsoft Windows Production PCA 2011: a92902398e16c49778cd90f99e4f9ae17c55af53'
Jul 26 14:59:31 debian kernel: blacklist: Problem blacklisting hash (-13)
Jul 26 14:59:31 debian kernel: blacklist: Problem blacklisting hash (-13)
Jul 26 14:59:31 debian kernel: blacklist: Problem blacklisting hash (-13)
Jul 26 14:59:31 debian kernel: blacklist: Problem blacklisting hash (-13)
Jul 26 14:59:31 debian kernel: blacklist: Problem blacklisting hash (-13)
Jul 26 14:59:31 debian kernel: blacklist: Problem blacklisting hash (-13)
Jul 26 14:59:31 debian kernel: blacklist: Problem blacklisting hash (-13)
Jul 26 14:59:31 debian kernel: blacklist: Problem blacklisting hash (-13)
Jul 26 14:59:31 debian kernel: blacklist: Problem blacklisting hash (-13)
Jul 26 14:59:31 debian kernel: blacklist: Problem blacklisting hash (-13)
Jul 26 14:59:31 debian kernel: blacklist: Problem blacklisting hash (-13)
Jul 26 14:59:31 debian kernel: blacklist: Problem blacklisting hash (-13)
Jul 26 14:59:31 debian kernel: blacklist: Problem blacklisting hash (-13)
Jul 26 14:59:31 debian kernel: blacklist: Problem blacklisting hash (-13)
Jul 26 14:59:31 debian kernel: blacklist: Problem blacklisting hash (-13)
Jul 26 14:59:31 debian kernel: blacklist: Problem blacklisting hash (-13)
Jul 26 14:59:31 debian kernel: blacklist: Problem blacklisting hash (-13)
Jul 26 14:59:31 debian kernel: blacklist: Problem blacklisting hash (-13)
Jul 26 14:59:31 debian kernel: blacklist: Problem blacklisting hash (-13)
Jul 26 14:59:31 debian kernel: blacklist: Problem blacklisting hash (-13)
Jul 26 14:59:31 debian kernel: blacklist: Problem blacklisting hash (-13)
Jul 26 14:59:31 debian kernel: blacklist: Problem blacklisting hash (-13)
Jul 26 14:59:31 debian kernel: blacklist: Problem blacklisting hash (-13)
Jul 26 14:59:31 debian kernel: blacklist: Problem blacklisting hash (-13)
Jul 26 14:59:31 debian kernel: blacklist: Problem blacklisting hash (-13)
Jul 26 14:59:31 debian kernel: blacklist: Problem blacklisting hash (-13)
Jul 26 14:59:31 debian kernel: blacklist: Problem blacklisting hash (-13)
Jul 26 14:59:31 debian kernel: ima: Allocated hash algorithm: sha256
Jul 26 14:59:31 debian kernel: ima: No architecture policies found
Jul 26 14:59:31 debian kernel: evm: Initialising EVM extended attributes:
Jul 26 14:59:31 debian kernel: evm: security.selinux
Jul 26 14:59:31 debian kernel: evm: security.SMACK64 (disabled)
Jul 26 14:59:31 debian kernel: evm: security.SMACK64EXEC (disabled)
Jul 26 14:59:31 debian kernel: evm: security.SMACK64TRANSMUTE (disabled)
Jul 26 14:59:31 debian kernel: evm: security.SMACK64MMAP (disabled)
Jul 26 14:59:31 debian kernel: evm: security.apparmor
Jul 26 14:59:31 debian kernel: evm: security.ima
Jul 26 14:59:31 debian kernel: evm: security.capability
Jul 26 14:59:31 debian kernel: evm: HMAC attrs: 0x1
Jul 26 14:59:31 debian kernel: Freeing unused decrypted memory: 2036K
Jul 26 14:59:31 debian kernel: Freeing unused kernel image (initmem) memory: 2768K
Jul 26 14:59:31 debian kernel: Write protecting the kernel read-only data: 26624k
Jul 26 14:59:31 debian kernel: Freeing unused kernel image (text/rodata gap) memory: 2040K
Jul 26 14:59:31 debian kernel: Freeing unused kernel image (rodata/data gap) memory: 1500K
Jul 26 14:59:31 debian kernel: x86/mm: Checked W+X mappings: passed, no W+X pages found.
Jul 26 14:59:31 debian kernel: Run /init as init process
Jul 26 14:59:31 debian kernel:   with arguments:
Jul 26 14:59:31 debian kernel:     /init
Jul 26 14:59:31 debian kernel:   with environment:
Jul 26 14:59:31 debian kernel:     HOME=/
Jul 26 14:59:31 debian kernel:     TERM=linux
Jul 26 14:59:31 debian kernel:     BOOT_IMAGE=/boot/vmlinuz-6.1.0-10-amd64
Jul 26 14:59:31 debian kernel: hid: raw HID events driver (C) Jiri Kosina
Jul 26 14:59:31 debian kernel: input: Sleep Button as /devices/LNXSYSTM:00/LNXSYBUS:00/PNP0C0E:00/input/input2
Jul 26 14:59:31 debian kernel: pps_core: LinuxPPS API ver. 1 registered
Jul 26 14:59:31 debian kernel: pps_core: Software ver. 5.3.6 - Copyright 2005-2007 Rodolfo Giometti <giometti@linux.it>
Jul 26 14:59:31 debian kernel: ACPI: bus type thunderbolt registered
Jul 26 14:59:31 debian kernel: ACPI: bus type USB registered
Jul 26 14:59:31 debian kernel: usbcore: registered new interface driver usbfs
Jul 26 14:59:31 debian kernel: usbcore: registered new interface driver hub
Jul 26 14:59:31 debian kernel: usbcore: registered new device driver usb
Jul 26 14:59:31 debian kernel: ACPI: button: Sleep Button [SLPB]
Jul 26 14:59:31 debian kernel: input: Lid Switch as /devices/LNXSYSTM:00/LNXSYBUS:00/PNP0C0D:00/input/input4
Jul 26 14:59:31 debian kernel: ACPI: button: Lid Switch [LID]
Jul 26 14:59:31 debian kernel: input: Power Button as /devices/LNXSYSTM:00/LNXSYBUS:00/PNP0C0C:00/input/input5
Jul 26 14:59:31 debian kernel: ACPI: button: Power Button [PWRB]
Jul 26 14:59:31 debian kernel: ACPI: bus type drm_connector registered
Jul 26 14:59:31 debian kernel: ACPI: battery: Slot [BAT0] (battery present)
Jul 26 14:59:31 debian kernel: i801_smbus 0000:00:1f.4: enabling device (0000 -> 0003)
Jul 26 14:59:31 debian kernel: i801_smbus 0000:00:1f.4: SPD Write Disable is set
Jul 26 14:59:31 debian kernel: PTP clock support registered
Jul 26 14:59:31 debian kernel: i801_smbus 0000:00:1f.4: SMBus using PCI interrupt
Jul 26 14:59:31 debian kernel: i2c i2c-0: 2/8 memory slots populated (from DMI)
Jul 26 14:59:31 debian kernel: i2c i2c-0: Systems with more than 4 memory slots not supported yet, not instantiating SPD
Jul 26 14:59:31 debian kernel: xhci_hcd 0000:00:14.0: xHCI Host Controller
Jul 26 14:59:31 debian kernel: xhci_hcd 0000:00:14.0: new USB bus registered, assigned bus number 1
Jul 26 14:59:31 debian kernel: xhci_hcd 0000:00:14.0: hcc params 0x20007fc1 hci version 0x120 quirks 0x0000100200009810
Jul 26 14:59:31 debian kernel: xhci_hcd 0000:00:14.0: xHCI Host Controller
Jul 26 14:59:31 debian kernel: xhci_hcd 0000:00:14.0: new USB bus registered, assigned bus number 2
Jul 26 14:59:31 debian kernel: xhci_hcd 0000:00:14.0: Host supports USB 3.1 Enhanced SuperSpeed
Jul 26 14:59:31 debian kernel: usb usb1: New USB device found, idVendor=1d6b, idProduct=0002, bcdDevice= 6.01
Jul 26 14:59:31 debian kernel: usb usb1: New USB device strings: Mfr=3, Product=2, SerialNumber=1
Jul 26 14:59:31 debian kernel: usb usb1: Product: xHCI Host Controller
Jul 26 14:59:31 debian kernel: usb usb1: Manufacturer: Linux 6.1.0-10-amd64 xhci-hcd
Jul 26 14:59:31 debian kernel: usb usb1: SerialNumber: 0000:00:14.0
Jul 26 14:59:31 debian kernel: hub 1-0:1.0: USB hub found
Jul 26 14:59:31 debian kernel: hub 1-0:1.0: 12 ports detected
Jul 26 14:59:31 debian kernel: usb usb2: New USB device found, idVendor=1d6b, idProduct=0003, bcdDevice= 6.01
Jul 26 14:59:31 debian kernel: usb usb2: New USB device strings: Mfr=3, Product=2, SerialNumber=1
Jul 26 14:59:31 debian kernel: usb usb2: Product: xHCI Host Controller
Jul 26 14:59:31 debian kernel: usb usb2: Manufacturer: Linux 6.1.0-10-amd64 xhci-hcd
Jul 26 14:59:31 debian kernel: usb usb2: SerialNumber: 0000:00:14.0
Jul 26 14:59:31 debian kernel: hub 2-0:1.0: USB hub found
Jul 26 14:59:31 debian kernel: hub 2-0:1.0: 4 ports detected
Jul 26 14:59:31 debian kernel: usb: port power management may be unreliable
Jul 26 14:59:31 debian kernel: intel-lpss 0000:00:15.0: enabling device (0000 -> 0002)
Jul 26 14:59:31 debian kernel: idma64 idma64.0: Found Intel integrated DMA 64-bit
Jul 26 14:59:31 debian kernel: e1000e: Intel(R) PRO/1000 Network Driver
Jul 26 14:59:31 debian kernel: e1000e: Copyright(c) 1999 - 2015 Intel Corporation.
Jul 26 14:59:31 debian kernel: e1000e 0000:00:1f.6: Interrupt Throttling Rate (ints/sec) set to dynamic conservative mode
Jul 26 14:59:31 debian kernel: nvme 0000:02:00.0: platform quirk: setting simple suspend
Jul 26 14:59:31 debian kernel: nvme nvme0: pci function 0000:02:00.0
Jul 26 14:59:31 debian kernel: nvme nvme0: Shutdown timeout set to 10 seconds
Jul 26 14:59:31 debian kernel: nvme nvme0: 16/0/0 default/read/poll queues
Jul 26 14:59:31 debian kernel:  nvme0n1: p1 p2 p3 p4
Jul 26 14:59:31 debian kernel: input: SYNA8018:00 06CB:CE67 Mouse as /devices/pci0000:00/0000:00:15.0/i2c_designware.0/i2c-1/i2c-SYNA8018:00/0018:06CB:CE67.0001/input/input6
Jul 26 14:59:31 debian kernel: input: SYNA8018:00 06CB:CE67 Touchpad as /devices/pci0000:00/0000:00:15.0/i2c_designware.0/i2c-1/i2c-SYNA8018:00/0018:06CB:CE67.0001/input/input7
Jul 26 14:59:31 debian kernel: hid-generic 0018:06CB:CE67.0001: input,hidraw0: I2C HID v1.00 Mouse [SYNA8018:00 06CB:CE67] on i2c-SYNA8018:00
Jul 26 14:59:31 debian kernel: xhci_hcd 0000:00:0d.0: xHCI Host Controller
Jul 26 14:59:31 debian kernel: xhci_hcd 0000:00:0d.0: new USB bus registered, assigned bus number 3
Jul 26 14:59:31 debian kernel: xhci_hcd 0000:00:0d.0: hcc params 0x20007fc1 hci version 0x120 quirks 0x0000000200009810
Jul 26 14:59:31 debian kernel: xhci_hcd 0000:00:0d.0: xHCI Host Controller
Jul 26 14:59:31 debian kernel: xhci_hcd 0000:00:0d.0: new USB bus registered, assigned bus number 4
Jul 26 14:59:31 debian kernel: xhci_hcd 0000:00:0d.0: Host supports USB 3.2 Enhanced SuperSpeed
Jul 26 14:59:31 debian kernel: usb usb3: New USB device found, idVendor=1d6b, idProduct=0002, bcdDevice= 6.01
Jul 26 14:59:31 debian kernel: usb usb3: New USB device strings: Mfr=3, Product=2, SerialNumber=1
Jul 26 14:59:31 debian kernel: usb usb3: Product: xHCI Host Controller
Jul 26 14:59:31 debian kernel: usb usb3: Manufacturer: Linux 6.1.0-10-amd64 xhci-hcd
Jul 26 14:59:31 debian kernel: usb usb3: SerialNumber: 0000:00:0d.0
Jul 26 14:59:31 debian kernel: hub 3-0:1.0: USB hub found
Jul 26 14:59:31 debian kernel: hub 3-0:1.0: 1 port detected
Jul 26 14:59:31 debian kernel: usb usb4: New USB device found, idVendor=1d6b, idProduct=0003, bcdDevice= 6.01
Jul 26 14:59:31 debian kernel: usb usb4: New USB device strings: Mfr=3, Product=2, SerialNumber=1
Jul 26 14:59:31 debian kernel: usb usb4: Product: xHCI Host Controller
Jul 26 14:59:31 debian kernel: usb usb4: Manufacturer: Linux 6.1.0-10-amd64 xhci-hcd
Jul 26 14:59:31 debian kernel: usb usb4: SerialNumber: 0000:00:0d.0
Jul 26 14:59:31 debian kernel: hub 4-0:1.0: USB hub found
Jul 26 14:59:31 debian kernel: hub 4-0:1.0: 3 ports detected
Jul 26 14:59:31 debian kernel: ACPI Warning: \_SB.PC00.PEG2.PEGP._DSM: Argument #4 type mismatch - Found [Buffer], ACPI requires [Package] (20220331/nsarguments-61)
Jul 26 14:59:31 debian kernel: pci 0000:03:00.0: optimus capabilities: enabled, status dynamic power, hda bios codec supported
Jul 26 14:59:31 debian kernel: VGA switcheroo: detected Optimus DSM method \_SB_.PC00.PEG2.PEGP handle
Jul 26 14:59:31 debian kernel: nouveau: detected PR support, will not use DSM
Jul 26 14:59:31 debian kernel: nouveau 0000:03:00.0: enabling device (0006 -> 0007)
Jul 26 14:59:31 debian kernel: Console: switching to colour dummy device 80x25
Jul 26 14:59:31 debian kernel: nouveau 0000:03:00.0: NVIDIA TU117 (167000a1)
Jul 26 14:59:31 debian kernel: usb 1-3: new full-speed USB device number 2 using xhci_hcd
Jul 26 14:59:31 debian kernel: i915 0000:00:02.0: enabling device (0006 -> 0007)
Jul 26 14:59:31 debian kernel: nouveau 0000:03:00.0: bios: version 90.17.95.00.a0
Jul 26 14:59:31 debian kernel: i915 0000:00:02.0: [drm] VT-d active for gfx access
Jul 26 14:59:31 debian kernel: i915 0000:00:02.0: vgaarb: deactivate vga console
Jul 26 14:59:31 debian kernel: nouveau 0000:03:00.0: firmware: direct-loading firmware nvidia/tu117/nvdec/scrubber.bin
Jul 26 14:59:31 debian kernel: i915 0000:00:02.0: [drm] Using Transparent Hugepages
Jul 26 14:59:31 debian kernel: nouveau 0000:03:00.0: firmware: direct-loading firmware nvidia/tu117/acr/bl.bin
Jul 26 14:59:31 debian kernel: nouveau 0000:03:00.0: firmware: direct-loading firmware nvidia/tu117/acr/ucode_ahesasc.bin
Jul 26 14:59:31 debian kernel: nouveau 0000:03:00.0: firmware: direct-loading firmware nvidia/tu117/acr/bl.bin
Jul 26 14:59:31 debian kernel: nouveau 0000:03:00.0: firmware: direct-loading firmware nvidia/tu117/acr/ucode_asb.bin
Jul 26 14:59:31 debian kernel: nouveau 0000:03:00.0: firmware: direct-loading firmware nvidia/tu117/acr/unload_bl.bin
Jul 26 14:59:31 debian kernel: nouveau 0000:03:00.0: firmware: direct-loading firmware nvidia/tu117/acr/ucode_unload.bin
Jul 26 14:59:31 debian kernel: nouveau 0000:03:00.0: pmu: firmware unavailable
Jul 26 14:59:31 debian kernel: nouveau 0000:03:00.0: firmware: direct-loading firmware nvidia/tu117/gr/fecs_bl.bin
Jul 26 14:59:31 debian kernel: nouveau 0000:03:00.0: firmware: direct-loading firmware nvidia/tu117/gr/fecs_inst.bin
Jul 26 14:59:31 debian kernel: nouveau 0000:03:00.0: firmware: direct-loading firmware nvidia/tu117/gr/fecs_data.bin
Jul 26 14:59:31 debian kernel: nouveau 0000:03:00.0: firmware: direct-loading firmware nvidia/tu117/gr/fecs_sig.bin
Jul 26 14:59:31 debian kernel: nouveau 0000:03:00.0: firmware: direct-loading firmware nvidia/tu117/gr/gpccs_bl.bin
Jul 26 14:59:31 debian kernel: nouveau 0000:03:00.0: firmware: direct-loading firmware nvidia/tu117/gr/gpccs_inst.bin
Jul 26 14:59:31 debian kernel: nouveau 0000:03:00.0: firmware: direct-loading firmware nvidia/tu117/gr/gpccs_data.bin
Jul 26 14:59:31 debian kernel: nouveau 0000:03:00.0: firmware: direct-loading firmware nvidia/tu117/gr/gpccs_sig.bin
Jul 26 14:59:31 debian kernel: nouveau 0000:03:00.0: firmware: direct-loading firmware nvidia/tu117/gr/sw_nonctx.bin
Jul 26 14:59:31 debian kernel: nouveau 0000:03:00.0: firmware: direct-loading firmware nvidia/tu117/gr/sw_ctx.bin
Jul 26 14:59:31 debian kernel: nouveau 0000:03:00.0: firmware: direct-loading firmware nvidia/tu117/gr/sw_bundle_init.bin
Jul 26 14:59:31 debian kernel: nouveau 0000:03:00.0: firmware: direct-loading firmware nvidia/tu117/gr/sw_method_init.bin
Jul 26 14:59:31 debian kernel: nouveau 0000:03:00.0: firmware: direct-loading firmware nvidia/tu117/sec2/sig.bin
Jul 26 14:59:31 debian kernel: nouveau 0000:03:00.0: firmware: direct-loading firmware nvidia/tu117/sec2/image.bin
Jul 26 14:59:31 debian kernel: nouveau 0000:03:00.0: firmware: direct-loading firmware nvidia/tu117/sec2/desc.bin
Jul 26 14:59:31 debian kernel: i915 0000:00:02.0: vgaarb: changed VGA decodes: olddecodes=io+mem,decodes=io+mem:owns=mem
Jul 26 14:59:31 debian kernel: nouveau 0000:03:00.0: fb: 4096 MiB GDDR6
Jul 26 14:59:31 debian kernel: i915 0000:00:02.0: firmware: direct-loading firmware i915/adlp_dmc_ver2_16.bin
Jul 26 14:59:31 debian kernel: i915 0000:00:02.0: [drm] Finished loading DMC firmware i915/adlp_dmc_ver2_16.bin (v2.16)
Jul 26 14:59:31 debian kernel: nouveau 0000:03:00.0: sec2: unhandled intr 00000010
Jul 26 14:59:31 debian kernel: i915 0000:00:02.0: firmware: direct-loading firmware i915/adlp_guc_70.bin
Jul 26 14:59:31 debian kernel: i915 0000:00:02.0: firmware: direct-loading firmware i915/tgl_huc.bin
Jul 26 14:59:31 debian kernel: usb 1-3: New USB device found, idVendor=27c6, idProduct=6594, bcdDevice= 1.00
Jul 26 14:59:31 debian kernel: usb 1-3: New USB device strings: Mfr=1, Product=2, SerialNumber=3
Jul 26 14:59:31 debian kernel: usb 1-3: Product: Goodix USB2.0 MISC
Jul 26 14:59:31 debian kernel: usb 1-3: Manufacturer: Goodix Technology Co., Ltd.
Jul 26 14:59:31 debian kernel: usb 1-3: SerialNumber: UID6850D65A_XXXX_MOC_B0
Jul 26 14:59:31 debian kernel: nouveau 0000:03:00.0: DRM: VRAM: 4096 MiB
Jul 26 14:59:31 debian kernel: nouveau 0000:03:00.0: DRM: GART: 536870912 MiB
Jul 26 14:59:31 debian kernel: nouveau 0000:03:00.0: DRM: BIT table 'A' not found
Jul 26 14:59:31 debian kernel: nouveau 0000:03:00.0: DRM: BIT table 'L' not found
Jul 26 14:59:31 debian kernel: nouveau 0000:03:00.0: DRM: Pointer to TMDS table not found
Jul 26 14:59:31 debian kernel: nouveau 0000:03:00.0: DRM: DCB version 4.1
Jul 26 14:59:31 debian kernel: nouveau 0000:03:00.0: DRM: MM: using COPY for buffer copies
Jul 26 14:59:31 debian kernel: [drm] Initialized nouveau 1.3.1 20120801 for 0000:03:00.0 on minor 1
Jul 26 14:59:31 debian kernel: e1000e 0000:00:1f.6 0000:00:1f.6 (uninitialized): registered PHC clock
Jul 26 14:59:31 debian kernel: psmouse serio1: trackpoint: Elan TrackPoint firmware: 0x00, buttons: 3/3
Jul 26 14:59:31 debian kernel: i915 0000:00:02.0: [drm] GuC firmware i915/adlp_guc_70.bin version 70.5.1
Jul 26 14:59:31 debian kernel: i915 0000:00:02.0: [drm] HuC firmware i915/tgl_huc.bin version 7.9.3
Jul 26 14:59:31 debian kernel: input: TPPS/2 Elan TrackPoint as /devices/platform/i8042/serio1/input/input3
Jul 26 14:59:31 debian kernel: i915 0000:00:02.0: [drm] HuC authenticated
Jul 26 14:59:31 debian kernel: i915 0000:00:02.0: [drm] GuC submission enabled
Jul 26 14:59:31 debian kernel: i915 0000:00:02.0: [drm] GuC SLPC enabled
Jul 26 14:59:31 debian kernel: i915 0000:00:02.0: [drm] GuC RC: enabled
Jul 26 14:59:31 debian kernel: e1000e 0000:00:1f.6 eth0: (PCI Express:2.5GT/s:Width x1) e8:80:88:cb:48:5a
Jul 26 14:59:31 debian kernel: e1000e 0000:00:1f.6 eth0: Intel(R) PRO/1000 Network Connection
Jul 26 14:59:31 debian kernel: e1000e 0000:00:1f.6 eth0: MAC: 15, PHY: 12, PBA No: FFFFFF-0FF
Jul 26 14:59:31 debian kernel: e1000e 0000:00:1f.6 enp0s31f6: renamed from eth0
Jul 26 14:59:31 debian kernel: usb 1-4: new high-speed USB device number 3 using xhci_hcd
Jul 26 14:59:31 debian kernel: usb 1-4: New USB device found, idVendor=5986, idProduct=2142, bcdDevice=67.17
Jul 26 14:59:31 debian kernel: usb 1-4: New USB device strings: Mfr=1, Product=2, SerialNumber=3
Jul 26 14:59:31 debian kernel: usb 1-4: Product: Integrated RGB Camera
Jul 26 14:59:31 debian kernel: usb 1-4: Manufacturer: SunplusIT Inc
Jul 26 14:59:31 debian kernel: usb 1-4: SerialNumber: 01.00.00
Jul 26 14:59:31 debian kernel: usb 1-8: new full-speed USB device number 4 using xhci_hcd
Jul 26 14:59:31 debian kernel: usb 1-8: New USB device found, idVendor=058f, idProduct=9540, bcdDevice= 1.20
Jul 26 14:59:31 debian kernel: usb 1-8: New USB device strings: Mfr=1, Product=2, SerialNumber=0
Jul 26 14:59:31 debian kernel: usb 1-8: Product: EMV Smartcard Reader
Jul 26 14:59:31 debian kernel: usb 1-8: Manufacturer: Generic
Jul 26 14:59:31 debian kernel: usb 1-10: new full-speed USB device number 5 using xhci_hcd
Jul 26 14:59:31 debian kernel: usb 1-10: New USB device found, idVendor=8087, idProduct=0033, bcdDevice= 0.00
Jul 26 14:59:31 debian kernel: usb 1-10: New USB device strings: Mfr=0, Product=0, SerialNumber=0
Jul 26 14:59:31 debian kernel: [drm] Initialized i915 1.6.0 20201103 for 0000:00:02.0 on minor 0
Jul 26 14:59:31 debian kernel: ACPI: video: [Firmware Bug]: ACPI(PEGP) defines _DOD but not _DOS
Jul 26 14:59:31 debian kernel: ACPI: video: Video Device [PEGP] (multi-head: yes  rom: no  post: no)
Jul 26 14:59:31 debian kernel: input: Video Bus as /devices/LNXSYSTM:00/LNXSYBUS:00/PNP0A08:00/device:06/LNXVIDEO:00/input/input9
Jul 26 14:59:31 debian kernel: ACPI: video: Video Device [GFX0] (multi-head: yes  rom: no  post: no)
Jul 26 14:59:31 debian kernel: input: Video Bus as /devices/LNXSYSTM:00/LNXSYBUS:00/PNP0A08:00/LNXVIDEO:01/input/input10
Jul 26 14:59:31 debian kernel: vga_switcheroo: enabled
Jul 26 14:59:31 debian kernel: fbcon: i915drmfb (fb0) is primary device
Jul 26 14:59:31 debian kernel: Console: switching to colour frame buffer device 240x75
Jul 26 14:59:31 debian kernel: i915 0000:00:02.0: [drm] fb0: i915drmfb frame buffer device
Jul 26 14:59:31 debian kernel: PM: Image not found (code -22)
Jul 26 14:59:31 debian kernel: EXT4-fs (nvme0n1p2): mounted filesystem with ordered data mode. Quota mode: none.
Jul 26 14:59:31 debian kernel: Not activating Mandatory Access Control as /sbin/tomoyo-init does not exist.
Jul 26 14:59:31 debian systemd[1]: Inserted module 'autofs4'
Jul 26 14:59:31 debian systemd[1]: systemd 252.12-1~deb12u1 running in system mode (+PAM +AUDIT +SELINUX +APPARMOR +IMA +SMACK +SECCOMP +GCRYPT -GNUTLS +OPENSSL +ACL +BLKID +CURL +ELFUTILS +FIDO2 +IDN2 -IDN +IPTC +KMOD +LIBCRYPTSETUP +LIBFDISK +PCRE2 -PWQUALITY +P11KIT +QRENCODE +TPM2 +BZIP2 +LZ4 +XZ +ZLIB +ZSTD -BPF_FRAMEWORK -XKBCOMMON +UTMP +SYSVINIT default-hierarchy=unified)
Jul 26 14:59:31 debian systemd[1]: Detected architecture x86-64.
Jul 26 14:59:31 debian systemd[1]: Hostname set to <debian>.
Jul 26 14:59:31 debian systemd[1]: Queued start job for default target graphical.target.
Jul 26 14:59:31 debian systemd[1]: Created slice system-getty.slice - Slice /system/getty.
Jul 26 14:59:31 debian systemd[1]: Created slice system-modprobe.slice - Slice /system/modprobe.
Jul 26 14:59:31 debian systemd[1]: Created slice system-systemd\x2dfsck.slice - Slice /system/systemd-fsck.
Jul 26 14:59:31 debian systemd[1]: Created slice user.slice - User and Session Slice.
Jul 26 14:59:31 debian systemd[1]: Started systemd-ask-password-wall.path - Forward Password Requests to Wall Directory Watch.
Jul 26 14:59:31 debian systemd[1]: Set up automount proc-sys-fs-binfmt_misc.automount - Arbitrary Executable File Formats File System Automount Point.
Jul 26 14:59:31 debian systemd[1]: Reached target integritysetup.target - Local Integrity Protected Volumes.
Jul 26 14:59:31 debian systemd[1]: Reached target nss-user-lookup.target - User and Group Name Lookups.
Jul 26 14:59:31 debian systemd[1]: Reached target remote-fs.target - Remote File Systems.
Jul 26 14:59:31 debian systemd[1]: Reached target slices.target - Slice Units.
Jul 26 14:59:31 debian systemd[1]: Reached target veritysetup.target - Local Verity Protected Volumes.
Jul 26 14:59:31 debian systemd[1]: Listening on systemd-fsckd.socket - fsck to fsckd communication Socket.
Jul 26 14:59:31 debian systemd[1]: Listening on systemd-initctl.socket - initctl Compatibility Named Pipe.
Jul 26 14:59:31 debian systemd[1]: Listening on systemd-journald-audit.socket - Journal Audit Socket.
Jul 26 14:59:31 debian systemd[1]: Listening on systemd-journald-dev-log.socket - Journal Socket (/dev/log).
Jul 26 14:59:31 debian systemd[1]: Listening on systemd-journald.socket - Journal Socket.
Jul 26 14:59:31 debian systemd[1]: Listening on systemd-udevd-control.socket - udev Control Socket.
Jul 26 14:59:31 debian systemd[1]: Listening on systemd-udevd-kernel.socket - udev Kernel Socket.
Jul 26 14:59:31 debian systemd[1]: Mounting dev-hugepages.mount - Huge Pages File System...
Jul 26 14:59:31 debian systemd[1]: Mounting dev-mqueue.mount - POSIX Message Queue File System...
Jul 26 14:59:31 debian systemd[1]: Mounting sys-kernel-debug.mount - Kernel Debug File System...
Jul 26 14:59:31 debian systemd[1]: Mounting sys-kernel-tracing.mount - Kernel Trace File System...
Jul 26 14:59:31 debian systemd[1]: Starting keyboard-setup.service - Set the console keyboard layout...
Jul 26 14:59:31 debian systemd[1]: Starting kmod-static-nodes.service - Create List of Static Device Nodes...
Jul 26 14:59:31 debian systemd[1]: Starting modprobe@configfs.service - Load Kernel Module configfs...
Jul 26 14:59:31 debian systemd[1]: Starting modprobe@dm_mod.service - Load Kernel Module dm_mod...
Jul 26 14:59:31 debian systemd[1]: Starting modprobe@drm.service - Load Kernel Module drm...
Jul 26 14:59:31 debian systemd[1]: Starting modprobe@efi_pstore.service - Load Kernel Module efi_pstore...
Jul 26 14:59:31 debian systemd[1]: Starting modprobe@fuse.service - Load Kernel Module fuse...
Jul 26 14:59:31 debian systemd[1]: Starting modprobe@loop.service - Load Kernel Module loop...
Jul 26 14:59:31 debian systemd[1]: systemd-fsck-root.service - File System Check on Root Device was skipped because of an unmet condition check (ConditionPathExists=!/run/initramfs/fsck-root).
Jul 26 14:59:31 debian kernel: pstore: Using crash dump compression: deflate
Jul 26 14:59:31 debian systemd[1]: Starting systemd-journald.service - Journal Service...
Jul 26 14:59:31 debian systemd[1]: Starting systemd-modules-load.service - Load Kernel Modules...
Jul 26 14:59:31 debian systemd[1]: Starting systemd-remount-fs.service - Remount Root and Kernel File Systems...
Jul 26 14:59:31 debian systemd[1]: Starting systemd-udev-trigger.service - Coldplug All udev Devices...
Jul 26 14:59:31 debian systemd[1]: Mounted dev-hugepages.mount - Huge Pages File System.
Jul 26 14:59:31 debian systemd[1]: Mounted dev-mqueue.mount - POSIX Message Queue File System.
Jul 26 14:59:31 debian systemd[1]: Mounted sys-kernel-debug.mount - Kernel Debug File System.
Jul 26 14:59:31 debian systemd[1]: Mounted sys-kernel-tracing.mount - Kernel Trace File System.
Jul 26 14:59:31 debian systemd[1]: Finished kmod-static-nodes.service - Create List of Static Device Nodes.
Jul 26 14:59:31 debian systemd[1]: modprobe@configfs.service: Deactivated successfully.
Jul 26 14:59:31 debian systemd[1]: Finished modprobe@configfs.service - Load Kernel Module configfs.
Jul 26 14:59:31 debian systemd[1]: modprobe@drm.service: Deactivated successfully.
Jul 26 14:59:31 debian systemd[1]: Finished modprobe@drm.service - Load Kernel Module drm.
Jul 26 14:59:31 debian kernel: loop: module loaded
Jul 26 14:59:31 debian systemd[1]: Mounting sys-kernel-config.mount - Kernel Configuration File System...
Jul 26 14:59:31 debian systemd[1]: modprobe@loop.service: Deactivated successfully.
Jul 26 14:59:31 debian systemd[1]: Finished modprobe@loop.service - Load Kernel Module loop.
Jul 26 14:59:31 debian systemd[1]: Mounted sys-kernel-config.mount - Kernel Configuration File System.
Jul 26 14:59:31 debian kernel: EXT4-fs (nvme0n1p2): re-mounted. Quota mode: none.
Jul 26 14:59:31 debian systemd[1]: Finished systemd-remount-fs.service - Remount Root and Kernel File Systems.
Jul 26 14:59:31 debian kernel: device-mapper: core: CONFIG_IMA_DISABLE_HTABLE is disabled. Duplicate IMA measurements will not be recorded in the IMA log.
Jul 26 14:59:31 debian kernel: device-mapper: uevent: version 1.0.3
Jul 26 14:59:31 debian kernel: device-mapper: ioctl: 4.47.0-ioctl (2022-07-28) initialised: dm-devel@redhat.com
Jul 26 14:59:31 debian systemd[1]: systemd-firstboot.service - First Boot Wizard was skipped because of an unmet condition check (ConditionFirstBoot=yes).
Jul 26 14:59:31 debian systemd[1]: Starting systemd-random-seed.service - Load/Save Random Seed...
Jul 26 14:59:31 debian kernel: fuse: init (API version 7.37)
Jul 26 14:59:31 debian systemd[1]: Starting systemd-sysusers.service - Create System Users...
Jul 26 14:59:31 debian systemd[1]: modprobe@dm_mod.service: Deactivated successfully.
Jul 26 14:59:31 debian systemd[1]: Finished modprobe@dm_mod.service - Load Kernel Module dm_mod.
Jul 26 14:59:31 debian systemd[1]: modprobe@fuse.service: Deactivated successfully.
Jul 26 14:59:31 debian systemd[1]: Finished modprobe@fuse.service - Load Kernel Module fuse.
Jul 26 14:59:31 debian kernel: lp: driver loaded but no devices found
Jul 26 14:59:31 debian systemd[1]: Mounting sys-fs-fuse-connections.mount - FUSE Control File System...
Jul 26 14:59:31 debian systemd[1]: systemd-repart.service - Repartition Root Disk was skipped because no trigger condition checks were met.
Jul 26 14:59:31 debian kernel: pstore: Registered efi as persistent store backend
Jul 26 14:59:31 debian systemd[1]: Mounted sys-fs-fuse-connections.mount - FUSE Control File System.
Jul 26 14:59:31 debian systemd[1]: modprobe@efi_pstore.service: Deactivated successfully.
Jul 26 14:59:31 debian systemd[1]: Finished modprobe@efi_pstore.service - Load Kernel Module efi_pstore.
Jul 26 14:59:31 debian kernel: ppdev: user-space parallel port driver
Jul 26 14:59:31 debian systemd[1]: systemd-pstore.service - Platform Persistent Storage Archival was skipped because of an unmet condition check (ConditionDirectoryNotEmpty=/sys/fs/pstore).
Jul 26 14:59:31 debian systemd[1]: Finished systemd-modules-load.service - Load Kernel Modules.
Jul 26 14:59:31 debian systemd[1]: Starting systemd-sysctl.service - Apply Kernel Variables...
Jul 26 14:59:31 debian systemd[1]: Finished systemd-random-seed.service - Load/Save Random Seed.
Jul 26 14:59:31 debian systemd[1]: first-boot-complete.target - First Boot Complete was skipped because of an unmet condition check (ConditionFirstBoot=yes).
Jul 26 14:59:31 debian systemd[1]: Finished systemd-sysctl.service - Apply Kernel Variables.
Jul 26 14:59:31 debian systemd[1]: Finished keyboard-setup.service - Set the console keyboard layout.
Jul 26 14:59:31 debian systemd-journald[385]: Journal started
Jul 26 14:59:31 debian systemd-journald[385]: Runtime Journal (/run/log/journal/288400ad7b684e65a1d4e57df4f8f8aa) is 8.0M, max 478.7M, 470.7M free.
Jul 26 14:59:31 debian systemd-modules-load[387]: Inserted module 'lp'
Jul 26 14:59:31 debian systemd-modules-load[387]: Inserted module 'ppdev'
Jul 26 14:59:31 debian systemd-modules-load[387]: Inserted module 'parport_pc'
Jul 26 14:59:31 debian systemd[1]: Started systemd-journald.service - Journal Service.
Jul 26 14:59:31 debian systemd-modules-load[387]: Inserted module 'msr'
Jul 26 14:59:31 debian systemd-sysusers[398]: Creating group 'gnome-initial-setup' with GID 995.
Jul 26 14:59:31 debian systemd[1]: Starting systemd-journal-flush.service - Flush Journal to Persistent Storage...
Jul 26 14:59:31 debian systemd-journald[385]: Time spent on flushing to /var/log/journal/288400ad7b684e65a1d4e57df4f8f8aa is 5.032ms for 1048 entries.
Jul 26 14:59:31 debian systemd-journald[385]: System Journal (/var/log/journal/288400ad7b684e65a1d4e57df4f8f8aa) is 8.0M, max 2.7G, 2.7G free.
Jul 26 14:59:31 debian systemd-journald[385]: Received client request to flush runtime journal.
Jul 26 14:59:31 debian systemd[1]: Finished systemd-journal-flush.service - Flush Journal to Persistent Storage.
Jul 26 14:59:31 debian systemd[1]: Finished systemd-sysusers.service - Create System Users.
Jul 26 14:59:31 debian systemd[1]: Starting systemd-tmpfiles-setup-dev.service - Create Static Device Nodes in /dev...
Jul 26 14:59:31 debian systemd[1]: Finished systemd-udev-trigger.service - Coldplug All udev Devices.
Jul 26 14:59:31 debian systemd[1]: Starting ifupdown-pre.service - Helper to synchronize boot up for ifupdown...
Jul 26 14:59:31 debian systemd[1]: Finished ifupdown-pre.service - Helper to synchronize boot up for ifupdown.
Jul 26 14:59:31 debian systemd[1]: Finished systemd-tmpfiles-setup-dev.service - Create Static Device Nodes in /dev.
Jul 26 14:59:31 debian systemd[1]: Reached target local-fs-pre.target - Preparation for Local File Systems.
Jul 26 14:59:31 debian systemd[1]: Starting systemd-udevd.service - Rule-based Manager for Device Events and Files...
Jul 26 14:59:31 debian systemd-udevd[411]: Using default interface naming scheme 'v252'.
Jul 26 14:59:31 debian systemd[1]: Started systemd-udevd.service - Rule-based Manager for Device Events and Files.
Jul 26 14:59:31 debian systemd[1]: Starting plymouth-start.service - Show Plymouth Boot Screen...
Jul 26 14:59:31 debian systemd[1]: Started plymouth-start.service - Show Plymouth Boot Screen.
Jul 26 14:59:31 debian systemd[1]: systemd-ask-password-console.path - Dispatch Password Requests to Console Directory Watch was skipped because of an unmet condition check (ConditionPathExists=!/run/plymouth/pid).
Jul 26 14:59:31 debian systemd[1]: Started systemd-ask-password-plymouth.path - Forward Password Requests to Plymouth Directory Watch.
Jul 26 14:59:31 debian systemd[1]: Reached target cryptsetup.target - Local Encrypted Volumes.
Jul 26 14:59:31 debian systemd[1]: Found device dev-disk-by\x2duuid-df740919\x2d4e84\x2d4430\x2d8943\x2d20ed628135c9.device - Samsung SSD 980 PRO 2TB 4.
Jul 26 14:59:31 debian kernel: intel_pmc_core INT33A1:00:  initialized
Jul 26 14:59:31 debian kernel: Consider using thermal netlink events interface
Jul 26 14:59:31 debian systemd[1]: Found device dev-disk-by\x2duuid-4F8E\x2d6021.device - Samsung SSD 980 PRO 2TB 1.
Jul 26 14:59:31 debian systemd[1]: Found device dev-disk-by\x2duuid-eb700e5a\x2d314c\x2d4268\x2dba0d\x2db59a96a21c32.device - Samsung SSD 980 PRO 2TB 3.
Jul 26 14:59:31 debian kernel: input: Intel HID events as /devices/platform/INTC1070:00/input/input11
Jul 26 14:59:31 debian kernel: ACPI: AC: AC Adapter [AC] (on-line)
Jul 26 14:59:31 debian kernel: resource sanity check: requesting [mem 0xfedc0000-0xfedcffff], which spans more than pnp 00:05 [mem 0xfedc0000-0xfedc7fff]
Jul 26 14:59:31 debian kernel: caller igen6_probe+0x199/0x7d0 [igen6_edac] mapping multiple BARs
Jul 26 14:59:31 debian kernel: EDAC MC0: Giving out device to module igen6_edac controller Intel_client_SoC MC#0: DEV 0000:00:00.0 (INTERRUPT)
Jul 26 14:59:31 debian kernel: EDAC MC1: Giving out device to module igen6_edac controller Intel_client_SoC MC#1: DEV 0000:00:00.0 (INTERRUPT)
Jul 26 14:59:31 debian kernel: EDAC igen6 MC1: HANDLING IBECC MEMORY ERROR
Jul 26 14:59:31 debian kernel: EDAC igen6 MC1: ADDR 0x7fffffffe0 
Jul 26 14:59:31 debian kernel: EDAC igen6 MC0: HANDLING IBECC MEMORY ERROR
Jul 26 14:59:31 debian systemd[1]: Activating swap dev-disk-by\x2duuid-eb700e5a\x2d314c\x2d4268\x2dba0d\x2db59a96a21c32.swap - /dev/disk/by-uuid/eb700e5a-314c-4268-ba0d-b59a96a21c32...
Jul 26 14:59:31 debian kernel: EDAC igen6 MC0: ADDR 0x7fffffffe0 
Jul 26 14:59:31 debian kernel: EDAC igen6: v2.5
Jul 26 14:59:31 debian kernel: Adding 1000444k swap on /dev/nvme0n1p3.  Priority:-2 extents:1 across:1000444k SSFS
Jul 26 14:59:31 debian systemd[1]: Starting systemd-fsck@dev-disk-by\x2duuid-4F8E\x2d6021.service - File System Check on /dev/disk/by-uuid/4F8E-6021...
Jul 26 14:59:31 debian systemd[1]: Starting systemd-fsck@dev-disk-by\x2duuid-df740919\x2d4e84\x2d4430\x2d8943\x2d20ed628135c9.service - File System Check on /dev/disk/by-uuid/df740919-4e84-4430-8943-20ed628135c9...
Jul 26 14:59:31 debian systemd[1]: Activated swap dev-disk-by\x2duuid-eb700e5a\x2d314c\x2d4268\x2dba0d\x2db59a96a21c32.swap - /dev/disk/by-uuid/eb700e5a-314c-4268-ba0d-b59a96a21c32.
Jul 26 14:59:31 debian mtp-probe[487]: checking bus 1, device 3: "/sys/devices/pci0000:00/0000:00:14.0/usb1/1-4"
Jul 26 14:59:31 debian mtp-probe[486]: checking bus 1, device 2: "/sys/devices/pci0000:00/0000:00:14.0/usb1/1-3"
Jul 26 14:59:31 debian mtp-probe[487]: bus: 1, device: 3 was not an MTP device
Jul 26 14:59:31 debian mtp-probe[486]: bus: 1, device: 2 was not an MTP device
Jul 26 14:59:31 debian mtp-probe[489]: checking bus 1, device 4: "/sys/devices/pci0000:00/0000:00:14.0/usb1/1-8"
Jul 26 14:59:31 debian mtp-probe[489]: bus: 1, device: 4 was not an MTP device
Jul 26 14:59:31 debian systemd[1]: Created slice system-systemd\x2dbacklight.slice - Slice /system/systemd-backlight.
